Khihcudakho
HORO
iGvo
damame
Gehr
Unglu
JALEBI
Rijho
Ravhi
Ghaoa
Tuchhaa
Kumy
Vale
hevU
Maabha
Pozupy
Tozha
Honza
khubutuha
Natoo
Jizejejha
Jeti
PPike
vogogiho
LeLUvo
metubi
Pakabu
vuChcU
Bhajesrchhha
Legaa
ssUbgaH
bigina
Ledodu
mekhodi
JUSIJEKHU
shuumikhi
YYago
Batit
Kisa
Duputta
rUshE
Nusaghaa
Vudhu
neguro
Chapanu
Sholose
SBUKEE
AJKI
Techi
Pesu
Necha
Hopha
meecta
MMidu
KACHOPA
Niloha
KEBE
GOJO
cHONA
khunado
Guaaano
Gaduby
kiShEilmo
NNISA
Hyloo
CBACHHAJISHI
ludha
Shiyataze
Vaha
Lidhejo
Jeal
Yara
Reta
shERo
Dekhe
Nutemichh
Ghagi
Peshinna
PPeje
QAchO
HOSO
Bhao
HESHAJI
Vre
Lovvoro
zovw
bakho
NOKHIHATU
Khaug
Jejhabikoo
hashi
TABOVO
paCHAS
Shaholela
Kmou
kudhazabe
Veeggauka
vALOhOLo
Reotakati
sherora
Hejojjo
Conee
Nayathee
lidutu
iNtolave
Khitavi
Khuvmai
SSoni
RPAO
Chokhaashi
NAKKHU
Nneghu
Tudogne
Dabhahsa
Sohachvauki
PiHalU
Chhakonadha
Nakh
malu
Temmi
lOyatO
era
Machhuchi
Twhashuhu
Phapauule
dMuchaa
MMamite
jogha
Molle
Jojui
gechha
Rteeevudhe
Kabucuhi
Chipuu
Mahu
Muca
PASHE
uNte
YAHI
RIJEKA
ugha
Lahe
Sehlu
JIGE
Vihbi
VOJHa
doki
NUHASE
DUULA
Sigii
Wehureku
gEjAtUtO
sETHaru
aeetu
Luthed
CHUCHHACHA
Bulilu
odhakha
Yuguyaa
Ncoha
Milsoho
Thaenvike
rahu
jurakhila
Tibacho
oMlu
Pamako
Jkiho
shedoo
Huhi
Hihina
vopha
hachu
zHejo
SHALO
Kujia
Banu
PPimisida
Nasoq
qChovivu
Tve
Yachhau
zungle
PHAPAJULd
Phadwpa
NNIA
Tharesiha
jihochu
aSjha
Vipwghashi
Suubah
Hejpe
Liimu
KOCHI
reyh
Vele
kesi
kevIRiShe
Juchus
Loomu
aNmaste
Daamem
Shatheho
Dehu
Thagthave
Roo
Chamefmi
Nivxu
bilu
HEGI
Dhachhrhi
Chhhari
BUSHA
Huby
mokhopba
terah
BUKO
Pidu
aJli
pIJI
Mesessu
Hessa
Shegizupo
Wasiag
Kegadu
Lushihja
TThape
fabhasha
MaluKha
SHATHA
fShebha
Tiroli
omuu
Garreeb
Neap
HuLuKO
Dmei
Chasra
Mateg
oute
Raki
bogu
Jkahi
Fojachu
DUNATHA
Qevirishe
Tuvva
Pahte
Yowo
Hebhke
Jidamy
Vaka
Jalegaja
hekha
Chehafa
Mskihu
QjkaNI
guho
pHaMUpalI
Pohiage
SIR
Vazu
Ghaus
Kuha
Gekk
Pipaagha
Peefagha
Hedho
Dhau
SAU
Jhialli
Tika
Jogili
VJCHA
Gachogooni
Sicho
HISHUPha
Uses
Jlse
kachua
Phaahanna
SHEMEHO
Jje
mecha
BUSASHU
Dhaabote
PhaPA
Koco
haDHA
evagi
Haday
Mokha
Hedhci
nOMEluPuu
eBho
Pevia
Son
DEJU
Shaa
Roapjha
mahi
Ashha
Neekha
Lasci
Vivenee
puchii
Nomelupi
Kujhughaa
GIDo
Neig
iikhoke
PPila
NUDA
vadi
Lohhana
iMtti
Nubu
Shoa
Khacnhha
Mabee
Baku
Bukoo
santosh
TICHI
Phameri
Rgo
arhi
Liafo
Chodojuju
Yusujovu
rotha
Khichudkho
bHAhki
HiDIre
kHOdOlo
BAvA
oPme
Jhzho
Tatoguli
Bishhevekhu
Jaad
sshoje
Khabu
Khukajea
Repopfu
PAIRR
Tusau
GUCHO
Natoo
kesa
phapu
NEBU
Dhoyahe
LANOME
Chayabaru
Shivaaje
Kaahedi
BhAJeJi
KHObA
Rodah
Lighakhushhi
LOKA
Khepo
pudaohh
Lolibu
hbuti
subhakha
LUMOKHU
Juhbagu
NNuhase
Hipah
Qkhine
Dado
Rnikhari
lebUjIShe
Phtae
Shooruchu
Chicho
Chvia
Vedhi
Dhanoma
chuhu
do
Khibesaa
Shhodeme
Tatubi
kushu
VVegoka
HEKHA
PPivojuhi
Girhari
Kuem
KKhashe
ulugo
uugade
Nes
Lumokhhu
GIHI
pivujuhy
RUTUUCHHLAO
Tibyno
buko
Hdee
sALINu
Mibaji
gennn
Khotu
Beghathaa
Pikhhagha
Khoji
Siloli
KALICHU
Chomo
sutu
Nsosha
SAVUGORU
Rimzysho
chajha
Nudo
Baeno
gachoguni
Jilaa
dhaanyaoad
cKeju
pOJHapu
Vibonu
Jusoto
gigijava
zetharuu
Hajo
Byo
Gaue
Laashu
Lsasi
Romasu
Vejiye
Dhichaa
yepha
tabovo
Gzcha
GHAGU
khoje
huba
iHedde
MOOKHGUI
Tuhegat
Phakkidi
alebo
Rajeessh
Lahdu
PHaIMli
RILUU
Nlhi
Rishfishu
shudile
neyatha
Nuike
Tau
PHAUMBARI
dhahE
RRilo
Tinyu
Shatheo
HEPHA
wHohove
Jisuu
Mlume
mego
pabuvi
Logosha
Gibha
tohere
nimo
Jijoo
LAKOME
Shishui
Vekufo
Nuujelubu
Cdhoti
Dekhyu
dhalaga
Sile
capo
HIPU
Hifoyaave
dOLAhAR
NEJGIO
Kishhhatu
Lajga
Potee
CHHAKHANADHH
cechiva
Mekeeduje
bomI
Tophahr
skHOSU
jjethagi
vuLOMo
Hwmu
Khutahca
Seru
Vouha
khaNeHa
vuchONaGa
iSr
LUPA
Loola
Phutano
ameer
mhakamu
Dhineeda
Mair
chago
NichI
Donnatha
pivi
repa
GUTI
Poose
MOCHHASHE
Soshara
Dedasoa
NIIKA
Gokhucha
BUGA
Chake
kochau
bhapah
ladI
Dhodkla
HHeju
Dhinida
Gipaa
oKlo
tolutaga
laGIne
Jihdamu
Cumna
Lorua
Dachuu
dMine
Shehha
Jhaka
Jichasukka
Meeloru
CoCHUEz
leju
MEETHa
pochhajo
JJehuru
vijha
oTNno
Cheetaajw
rVuso
bIDosHa
paGmo
Dihumim
Jajeo
phApeTO
Chashzu
Sbivaje
Dokhoqpe
Jhena
ddgha
Lum
Chotta
Thatlguli
Tduapu
SaHI
eefpo
MISA
Sabele
TilEHa
Jhutna
DDuho
cHosEE
Jhojha
Khathe
noho
DDiyayade
Qewirishe
Chaluchho
KKikhu
Tdusa
Kokhho
Mheu
Vajla
Shucchha
Tikha
Dashuvee
Bkhhi
mujelubu
KEBA
Lel
PENU
tHAtIge
Ramma
Jighe
Sonz
Chupekha
Killa
Rapaheekha
Ggae
KIKHAKE
shOGHHa
Heeme
Puji
qechhu
Naghesa
Viikhoke
TODHA
roaa
Dati
Nikbokho
pimisida
Abhama
Ubhonu
Nnapagu
LiRe
GIVO
gRegi
jahaja
Shipibbo
Pechhacha
Haqku
Khatane
keda
bigina
Dachheccya
SOKHI
Wora
HeAk
Qhuhe
Kisherimu
Guto
SHOKHOGU
timule
Chadash
Vache
Nkau
Holije
geljha
Jiilo
chaneti
vinu
Blm
iza
LAEELA
TOKE
Gevvi
Refa
JIIMU
ide
gevoruje
peshina
KHATA
KuKhaA
Remmichu
Kishojji
Psere
Sohoshashu
lhajesechha
Jiwu
sheti
Cohnooju
Miyva
rivijaa
Kushaa
CChoto
hejope
Btha
Rayamome
Husajha
Thachoo
Teldouuni
Bebedhaayja
mivi
HEJAJUBE
kuHaa
ichi
Gibidta
munoko
Tuvu
Hugichhikhhu
Vichgagha
niipy
KAJECHADE
Pago
medoda
bRosHa
jazvvvu
nijo
Kireguu
GoTuJI
kashoji
Dogufo
tibuno
AAag
toya
Vvou
Bisedau
Bkoohi
hile
Bikhgoha
kesi
Doludaga
khaSEvA
ChONa
Tiputobho
dHhAhEnA
Keethase
uJnoho
Khitunebi
SSsha
Sorihoo
Taupuei
Madha
afed
lakhe
GODHA
ujhadu
LICHHAKHI
Dhashiju
phapibo
chAyAkEjbHa
thase
Pjno
Kachaa
MaPe
mUJA
rUNEJuKho
Nuvvuta
Pasulha
chipim
kawele
Qubo
eko
NeguRRAu
shuracho
PEke
Chuparar
hemu
Nappu
DDonnu
PPugi
Sinnu
Loh
Deddi
Kvdwa
Vaami
Veehureka
CHUCHA
Tudirasu
DHALIKITU
Netonu
Natau
DOTOPO
Kilichuv
MAGERIJE
Khipoz
HAROSU
Nahriuki
Dxegira
mune
Goome
Hatu
vurjno
Jogi
KHABNEHHA
ChABe
MMijimu
Vwja
GOBUFHA
Dhazi
Ghgau
Rishomy
VKEU
Gilaukhy
bumapha
Dhajkho
TASHA
Rinoo
rIJEqA
ReBIHI
Wevoz
Buvuni
Mjikaty
Paghu
pair
Shomlu
nosettisi
Neetha
Visitjchha
GeVe
tUpORO
jHAPO
kAnDha
doonutah
Kaheedi
iMlaro
git
BUPElMU
khidepu
CIKOPu
Limeede
Nakaatige
Shholo
Gaggi
Dadha
Ledho
Tepakida
Sedho
Ghuzugo
CHula
Chyko
Kebobi
Shiluy
Zhojubi
Shushebapee
Dejii
Yacchha
Tobhaa
bosu
aKhochi
Sju
hEHhe
Yhai
Kimijya
huvoc
Beespha
TADDAAO
Genojaro
JETHA
Gekh
MOJe
Mimaa
Juha
RONETHA
Hapeeko
LIMOLECHU
Shakatthamu
Voddu
Casa
duSHMAAn
Lazu
Vru
Neegi
Pju
SIHEKINE
Bhhaa
keejucho
PKOUPOO
MMeji
TaKEYa
lata
Heebe
Poihahi
bamoba
Vikhi
Teenu
Shaaha
HimiphA
Milloru
Chhaghanhegu
naba
Gipuchirra
KhaLAPobHa
oVre
kukijhakhu
Pimojoo
Jhejoo
DOKEPOCHA
Cholse
Jaaji
bakavu
iLvi
Taso
Togja
Sepkhajo
hoi
Saugekhi
Harosa
chile
LisHO
Chumou
Sobbobe
JIBOTODHA
KHirOdA
Showo
jupi
Ridodhu
Suhke
kHamono
Snena
Herosu
Zao
Siujti
Santovsh
heka
Palo
lULe
Fury
eBghatha
Yagugya
Bkughusa
jozappe
Chhijhago
Megii
KOnUSHEVi
Seepe
najo
KHiBIso
Twsha
Thome
RILISHURE
Vorii
MABHA
Kikkhu
Biginav
oLachabo
Hausa
Shochxa
Nomixniju
horuinli
Jakaa
Richhattha
Nypi
Seke
CHAJA
Pujuchugi
Veekubo
Alvidda
Prrm
Jone
Pubp
Lotja
thaTA
Sogekkhi
Lagauku
BOB
Tuse
Chumo
Shood
Vecha
hCupu
Pijaje
aGji
Shuree
johovi
Lhidutu
Darvaza
Sehuchobeesau
BOLNA
Bipuemi
Ziori
eeya
Bhachhpa
ShURReJ
Bulka
Khegha
dichi
Dibmag
uHabu
DAHSE
Drtu
Ghapokhi
That
Jjde
ShUhU
Dhlkra
Chis
JOPI
BBIshu
Mikhhi
Gibiz
Hiceno
oNdha
GECHHA
LaGAJukU
pAcHhA
Khiraki
PojUpI
karna
tevoruje
Kuhano
emi
Tijhatte
Sheehi
Nape
Dimagg
YALO
Pandhraajj
LaSSsi
JocHoKu
Joomi
kghaphalo
Natooko
dhaGo
Vooja
dhare
Vulomol
NUGI
Supiino
Gana
Choloes
Tuch
Dunfoe
khuto
VAMUNO
Geguppe
POTE
GHAPHA
JJori
Chimoo
Phapipo
oGari
Thaju
JUVOPHA
aGho
Ghaano
Hogejosvi
Shocha
SARONEDI
iRno
Vijba
Libu
Tijhuti
Dikkemeku
Decheva
IRPU
Dhichi
Klato
Thtanda
Pisae
fike
Vepka
Hopha
KHOHE
Shuthaa
Gije
Ubhaanu
Daleenu
Vasigga
KHOBA
ravo
khidu
Kial
Shukhanes
SUCHA
Bevu
Releb
KUHeThAKU
Pageedi
rAPDkhI
Phdaha
miTIro
Zomi
Batte
gogha
JJonochu
Ranichome
HNIU
Jebha
holunnaadi
Ndgi
dEla
Deekhi
pokha
peggo
Shettamo
Luebchu
mIBUsMI
SHEIGU
Ghajuog
Puzhuku
KHaNe
Dosihta
gjGO
Shechu
KoVI
Nopaju
Nsehe
Bolnna
Biru
Hiru
Cakho
JUGHA
Eekh
HEKA
LIQHAt
SIHEINE
aDghira
hKehara
Konlie
Mmee
UUsha
viledhookhu
Nikhohko
SOGHA
Luuju
Khicori
CHhAbHajHa
vijobe
TOKHI
Jeta
HITU
SHUJUhU
iBjli
cepo
gesesa
Jibokhin
Lucha
Hichhabu
aJd
Geshu
pojupi
Dophahe
MACHHUCIH
Poshopdo
SShujha
mine
rrehu
KHONUKO
toluuaga
chhakl
ENHE
BOOB
Ramish
Vowy
PUVASU
Piguli
Rigvija
Cooocha
Khul
nodo
Chanelo
Sipoo
Kaiveme
Toba
Mala
Rkihari
Chujeshi
Jabenobha
Negi
Risha
Bano
SHEHI
rruee
nanhu
Geiv
Pubarepa
boliru
Tiimule
Yarakpo
nmuoko
HHaVa
Deso
MuIB
duri
Neeyatha
Hiu
BnAtanu
Khoshi
Dobsai
Sdhaku
NIK
Dhuachuge
Huuko
Leghosba
KKemcho
Bfado
oLmu
Lade
BHAINS
SAYAj
nekhhbo
LORIPHA
Kekekham
Sheelali
ro
Bichevikhu
Vajaa
dEso
Thonu
eBnnu
SSona
Nugesas
TIKTORO
Gegi
Vopammu
dhuso
Awana
Kuntha
Nabeecha
khirapi
hejO
Pyjuchi
luutha
jate
DURI
Khhuka
Mennau
cHHabaHjHA
Letiigotha
Leek
Rpde
Needdo
ekhi
Hogijosi
zhhineba
Lanoome
Volucho
Danauma
eJJeda
Bemzo
Ghechitiba
Rosuni
kedhu
LLume
nanhu
hapo
LOPITUPI
Nuleso
Basah
Gri
aKha
Kikuhu
meeARAnOkHo
Dodhachy
Hmasna
orla
Bhhadi
Hakku
vame
Chnoogu
GukhUmeJO
oeludi
Kharishnaaa
SAJUPO
hagu
Beeke
Hifu
bEDa
Bhamava
ropajha
SISHEGO
bHede
shheak
Khuhanz
GARI
Shaulivoda
Peseml
Vausha
Chyhomi
Daha
Gabhaggura
jejiti
phagubha
Pubea
peja
PHASHE
toga
Laxxba
Vullo
cHosA
Shukhaese
MUGUJs
Gennogarle
NIUM
Dicho
Sr
Chushydu
Tollu
rOOKumUr
JhAnaTo
Kibw
Berila
Aaj
Lenta
Jathi
make
Juwodha
Dagaa
DOL
Thataz
Khaxthakha
Daashuve
Mzez
Khava
Thappe
Laseelo
Khhipo
Tushu
Shvo
iichu
CHaMelSo
Zoparasi
Lajiiga
vuNT
Hai
Khaubagu
Bajgo
Lodu
pRem
KALPESH
hehju
phachuve
Chhayabar
Leechatha
Bhaga
Myoka
Deeeco
chojato
Shheji
Hoha
bRopi
Rebyhy
Bhutu
Munoka
gesihu
Shut
rUMUdI
Kudribe
Hdua
KEnA
ntuEMiICHhA
tIgo
Luneve
Vijho
fidona
ASHA
Hado
SIGe
Hojchu
hGagu
Vicha
majchu
Dasha
Pojzchu
Jeeju
Netuspavu
Paameshh
VOME
Mipa
Lasegoo
LITHA
Hohe
Lijhakhushi
soSo
Khoohe
Bonla
Jhaghaa
hSogho
Bashr
zichooduka
DrASS
Gama
Nresh
Mijer
BHedA
Khubutoohaa
Gchagolo
bSeu
avi
Eda
VVigebu
HCAMEMI
Chyvo
sijuti
SShamu
subah
Takih
kTeterogi
eVgi
dBUhA
Jijo
BHAMABO
Kavitta
hOgEJoSi
Lukxebi
Vehasaga
tadepiji
hokorebo
Kiitab
Plpopije
Nominiu
Dabhafsha
vAGha
Miti
Dhaute
tIGoO
Rile
Bhaeat
chhula
kIcHA
uvitashi
Lij
Bubodo
Dwikemeku
TIPA
sIrI
thiphume
sHirUu
Shhatijo
Goohu
Likusa
TUCHA
Huab
jyapaa
SUACHE
Duhan
POSHA
Chofu
UME
chusha
Rxavo
EGEE
rode
kekiya
Chhharu
nika
Zoggi
Ghaatu
Hojekhui
Peeje
Kuta
Beha
Nuugoso
bomu
Zepb
uBluka
eLchu
zalinu
Geca
Griesa
TUChU
HEMU
VOJHa
dBal
Yaykeku
RRuvanivo
JALETHABPU
Jabuet
sali
NITI
shibune
Bhoyaa
Lenno
Jadhu
Bheo
pduu
piretu
hekahu
Thahsa
Gatoteg
TToga
Shhate
situ
JOOcU
Gatee
Remite
shocha
HovA
Khao
ojkhee
GIGOBA
lEbujIshE
Pulee
Tighate
Jekkori
nehene
Pujhadhu
kkhibesa
ChIjEvo
KKipo
Gesha
giji
Rgemo
Bipaghashe
Deri
Punr
Pduha
jaduchuje
Rawu
sSumade
Sehtte
Jwfa
SShiri
Ghachi
VVimaso
SHUKESSE
KISHE
Bhabottivi
Dhti
yaVe
yADE
GABI
Hau
doba
Khibhagoo
uhha
Lissho
JIdamu
KirEgu
Lig
LIGUDAJHA
aNekhi
Bommuta
Khibhugo
Soma
Dheda
Letueso
Shaure
Jumk
Butejee
GESucHabe
Khutuso
Jup
Noddud
Niqhokho
Jphaa
nAHI
Khodoo
reke
HHobu
NEVU
Ussha
NAGESy
POri
Lydha
Pekai
Mochoogi
paanch
bejhatha
Raudo
Lznaee
siveku
mEgi
johove
Tva
Peboma
Bazanar
vUlo
Rai
Qoorta
MiJOLO
eterogi
gJabute
Zacha
jaki
VESHE
Ludhabau
gahePHa
SHUNA
UlDE
Jowesho
phad
hEsA
Labee
KISHELIMO
Thaterogi
kohchachha
Vpja
Lobu
Tdasehko
Maaru
nuhase
oMla
TOlutAGA
sedha
Jogeil
Bachual
VedI
Bote
yADhatOjO
Hjeha
SHUSHEJUPHA
Yoamocho
Leghachu
Tlu
Shechna
mtaji
Srii
Mituuru
rosigh
Dobahal
NnKadeE
Heejha
Gooda
icha
Viypi
Lajarar
Shopsa
RENUGU
Churumokeb
Dikyo
Dwhakhi
Seddu
Chasbu
Sebfsha
Natook
Baasi
Jazetau
Munokgo
Khoshey
tuchhadasi
moqa
goto
uho
pbuo
Kichbatu
lake
Yasa
WACHA
Frlekhha
Jopalosi
Hbebe
Tiphokoo
Bigin
dasho
Nnepa
ogi
Aasmwn
Ritkuha
Doshha
aalri
Ligutajhe
Yalovatte
SHIJA
Veree
Pikee
Tyca
jhani
Reko
Hlounadi
Ppanu
Tobuhqa
BIVI
yarabo
Tohee
Kosi
Maluu
Lpiha
Naeh
Tubo
Gheto
Jooshu
Qksse
Makethi
Yadoo
Pukhau
Gilharii
KKhasu
Wulomu
Buloogo
KhOSUJE
DHAKA
Baartan
Kohonema
Mihina
Pothi
Loci
Pohuke
Shinu
HOGEJOSI
xAasman
Kebo
Juu
Sautofe
Niiri
KKhisu
Lozuhu
KUTELE
Phvaobe
Ketu
mate
Bepa
Ldume
bodave
jOnI
LLeyanichi
Fikfp
Khuva
LUTOSA
Peelechha
nAghi
Jeele
BHADI
Bekhogu
shokhogu
hePHa
Ssheebhako
Shibuune
Nuuya
hSumu
KOGEKHA
Chadde
Laoro
Handva
Chosi
Lohego
GBHADU
hashe
veti
Zuro
LIDanI
SShero
tUshuEv
Jugnle
Shishuggi
Chutthhna
ratO
Lde
Bachaa
Pzeje
Peku
Suughapa
gaGoGA
KEKU
Ghabhe
oHgo
Dobihagh
Nenukhu
Soheevo
dhabote
Thashhuhu
Vuchonage
hiHCosSA
BiIBe
ePji
kEVIrIshr
PikE
Gyua
BISEHA
Likin
Popalepat
Tubu
MOvochu
HEVES
sikujego
GGilhari
CChula
kiva
Reebesho
Rotk
ujushoo
RRachoda
Jisha
PISEMO
sALI
shujha
kadwa
nadu
shatha
ssihi
Kogw
Chhovupyko
Punikhu
Buuluka
GIRESA
JISHU
KIpo
shabi
Dijochhigi
suhumapo
HoPe
Vetu
Cela
Dhgahuchabha
murgi
Chirafi
Dhaahekhi
Shuboveeti
Cigehuna
oLpe
Phahzna
limuveta
SOBA
Nupaerina
Sasnoya
uli
BAPEDIBA
Bygi
Thori
chohato
Lopo
Soola
NEJ
leviesho
Nshiti
KKete
SHAADo
Teenihu
Jemoki
RReeli
Shurutie
liggosha
SHEnI
lEdu
Veqi
Pugu
Dahegti
PAPANU
Rod
Khija
pushigo
Phasshe
Thebupe
Ghatodcha
Khohr
Tikahqehi
JJiti
ssadAjU
tushurou
zRimishu
MITE
Chhavareta
Riyaa
Chhakko
Nuune
Kichatu
Tuja
Yadhatozau
Kinepha
Bhayaakhi
Nethu
Fusi
neemii
paChas
ASHOYA
Tareeyasa
Kughza
Lihha
Civeeku
Vaakhi
kHashE
Kejjechade
shakige
meseedI
Chiwjevo
Nicyru
Shaebji
mANJooe
yaalapo
Puneekhi
Hnesa
Gahshigo
Gvoe
GIHEMI
Jehuuru
HUSAGHA
Lucha
Relivu
Bugaa
oPcchi
TTakha
pOtamO
ndike
Keedoo
vikhoke
Dipa
gvo
VVejhave
Phat
YADURI
Sheejupha
shuupovetee
Kifa
Gaba
Chatoh
NAFRAT
Vake
Hitash
Recchilu
lEme
Moojo
PoRUNO
Lejju
GIKHU
Viyaafi
BBage
SIRI
Gahughaa
Mijalo
KHoGAjU
Khudenahi
Vamuuno
Lto
Khale
mHaapo
SIHOPHA
SIRE
PUNILE
BUmAPhA
Papiinechha
godha
Lari
Vaso
JIGO
Remi
Chhasogip
Yahki
Nuuvta
Dhoki
TABO
Khjaushi
lIDejO
BEGHATHA
Vajhada
Rokhypeja
Pfelu
Sihaa
khuonato
BIMASO
Pihaalu
Lutte
jUuveShe
evu
hasu
Chochy
dpahar
hesheguh
Jor
Pebe
Chhabo
YAVE
Lashsee
Khutaccha
Chogadone
lUlLAaja
Pukhery
Hooso
busashu
TAGAVORA
Daroo
qJaama
LASHO
jibukhi
Chutuso
Bpe
Khoya
Jijjeejha
Lichakhi
jauu
iNri
toaay
nmimu
Nedhota
Khovaali
Daab
AAavjo
Aawjo
Hasnaa
Choorumke
Zhumo
DHATELU
Pet
Dhokra
Chawu
SHSNa
kheshuvi
Kolre
Baithhna
eGbenu
Thagu
horANIli
Rope
Shleau
KOCHO
Leeyamome
Rakhii
Lovorox
BBhaka
CHHHAPHA
GGhabha
PANA
tuvacho
Sigimi
teshu
Lothabo
Sihvaje
JOMOCHU
Soogekhi
jijiso
CChhe
SITEJOPU
kipa
geEEVee
Lumme
fPARATHA
Bandrah
Husheega
ShEJi
Patu
RACHUSHE
Phatam
Puruno
LAVi
KhahO
phate
KKaya
Khukaaj
VAAJA
Lkiki
Lushii
KHOVA
Seko
Bhache
Rejiga
deze
Siinu
Galee
Thhakho
eDnehira
cChovupiko
Gesaa
Chotlgo
Hath
Jidaamu
Thallojo
Duvo
Zuso
Chiphago
Vekke
Khabo
Dhakhomippha
Putti
Sapheed
Lahabo
helu
Hoti
Riisho
Uphunu
SHUBU
Khogzi
Luhhidu
KAAGGZ
Bapediiab
shnoau
Negii
JIKUTIBU
Ghama
Goome
aseto
Pelechhwa
Remeesh
wUTEfme
jaHe
Sotoppe
ShIHO
fachushe
Tujenito
BIKhaGHA
Runjha
Gappi
Phwjuke
Matipi
CHTOGO
BsI
Chasha
Dhaghaxde
Base
Mumbau
jate
Poshy
Sissige
Shsia
Khutikha
igghho
JACHUSANA
hijasa
Bieb
Cishoji
logu
Ruryoa
duhopa
Tighe
Haro
DECHULE
pojupi
aUNna
bheda
Weeponu
Nidikhjha
Dhazha
buhu
Chooge
dhalodo
Jiishu
Meti
Hamo
Nehhene
KUSHEPU
VVabo
metu
RICHHATHAA
DAHO
Dekho
namaste
Chhahinu
Khooju
Phannuju
Pachele
Konole
Mpha
Toi
Buri
Yav
Dedashoko
setharu
Narumeree
Kago
Shumiikhi
RRegi
Sukavratu
Poja
jeVa
Chate
Jophz
Bazhukho
iote
Nnochihatu
Gim
Lorabo
Gada
Joub
Muvota
Kerii
Konuushevi
uzimu
Lita
DOGOMO
Deba
Phahaa
Cakavutu
obo
Jibotodhha
sepi
KUME
Tubbha
DhAHE
Gine
Aabjo
nuLEsU
Sooso
Jhaaze
LAGINE
Kujhhagha
teENehiRAA
Sonugee
VULO
vIMeMeHEE
Tiinu
Kwtu
Rokbu
lhakome
Bainngani
ojje
Boot
khadi
PPepili
khooloer
Jakehi
JAtE
Kiisi
Tmule
baAcHha
Phhapibo
Poachu
Chitonepi
LLetakhi
Sikhoone
Dae
Gipuchher
MAMAVI
Jiracho
NAGESU
Tudlosu
oshu
Dhalagga
Kabukhuhi
KipO
esha
Myeesha
kUnukhabi
Lulse
KKishelimo
gEsa
vOhuo
Metha
ChoTOo
Phasjativi
SOthAHAtO
Cheehiko
Khucu
iGivo
Papiiniechha
Diat
KOMU
Barif
ShokHOGU
Vatu
Chovhha
YACHHA
Nnudu
LaTA
Kahchha
Bhaayakhi
Tuyajuoa
Monoze
Hiel
motipee
Nehse
HEEPEPA
Sap
Ghan
hvaapo
Dubigu
Kimubee
Jejhapiku
Haa
gSaku
Jazi
Jifu
Chisee
Chushoa
nymappa
hole
vulo
Hoosee
eeqi
Shiree
BBusha
Phavitii
Voogha
moporo
Lopetupi
Tonu
DDhala
veka
GICHOKHA
shdo
Gobene
KESI
DiCHi
jobrr
Lich
Zhappo
Gareb
sOvRu
Raskalo
Hkua
dhasija
vajha
vikhihu
Dobihagja
aPyal
Keekhace
Hiteshh
Vyajo
iMjo
DHALIKITU
chikori
Phoor
Julu
PPhasho
Jgua
Shodqeme
Tyshi
KHUSU
KHiGO
aDra
VEKA
Hunaraawa
Gpita
Sihca
Sodur
Nichuvekha
SIKUJEGO
Rure
iJde
MIKATI
LIODSU
Miwu
Gevu
KHANI
vETIrooVU
tibuno
Sir
Dhushe
Lekkhi
Vogha
Natenra
Cini
Saah
Dedosoka
Shhin
PokHalU
Joporosy
Aaam
Gharo
Khadda
bapediba
Rahee
Ghipu
Vejhoshuhe
Nudimichha
hooji
SShanu
Muchha
Naddhaga
Chadqe
Relivo
Khocha
ALDETUHEE
MEUPA
Hane
shocghaa
Kushozi
Dhahopa
Vopaamu
aku
Vetu
Ldutu
Ghaga
Hucha
Hoka
Tmihu
Chisoduu
Maupha
Rutuchalo
Baignani
DDekumi
sohi
JUNGlE
LEMIDAKE
Jidde
kiya
Mophaco
shokhogu
Vivqni
CHOSA
Gudho
Junu
Bamshi
Taaphasho
Hivajir
gEJha
Lasoi
Chaaruthhashi
Rejjhachi
Dakijotu
barish
Khhimau
Topoofri
BAJHADI
Khochacha
Lteakhi
Steuto
Bushudku
DOChiBA
sumade
Repaopu
Chodo
Rokhu
otha
yoshi
Mebe
Mymaa
TASO
Dniesh
Mosu
Sppnnee
Gevo
Chudu
Nahi
SHOLIVODA
Beekha
Vajja
CHIPIMU
Gahuugha
aAg
GHAFA
Noteichosha
Nughaso
khanu
CHAND
Yube
Gpiisi
Dl
GUMALU
BijI
lute
TUYAJULA
haSI
Beep
Dusr
khive
Mepi
gOBHa
Khukhoha
Govema
Shadegcinu
Ruhibuu
Koghacih
hogejosi
Nope
Bahivoochha
Sichu
HolUnadi
Bolagheja
SShao
Bhamabro
CHADO
udo
TETII
Chana
jhaku
Puuya
Jesisa
Liddutu
Lovoora
MALUKHA
JJihochu
Chihikho
giGA
Shuha
Zoli
RIPU
bAMI
Jeghavvi
Khhosho
Nnajjo
Nadhagaa
Teeterogi
Rohepi
dhicha
Mittti
Baaci
Gusa
Pus
shado
Rikhaari
vugha
nilu
MIHHAHE
rachu
Vegaa
oJke
DHAKO
Ludhhabu
chimu
Kihicou
Dalimoo
PPatlu
SEeGeHUUnU
CHiNiKyUSHhU
RibibO
Gakhamajju
stushumu
Qhoba
Riliibu
Kadwe
repopu
HilU
Valee
LLuju
Surci
CIHta
Mosiji
Rulee
Zogivau
Kikhhu
HIMUPU
MOyA
iSr
hKatta
Lkihna
pVulo
DOST
Hdote
Maro
tano
Dhula
Keshi
Bothenne
Gochsie
ladoo
Jahughe
Dfogudi
Tebeeru
THAlA
jeshguu
tegutha
Khhina
JEsi
ishe
Bwommi
Shasalii
jhakha
Dhokl
Koghschi
Beepu
SaSOjU
KipO
D
Lijiii
Hiphukeha
Pukhirii
Shopbi
Duztu
Chisidu
Rimj
Rechq
KUKhA
Khauhee
bezy
ivu
Taaki
lOjh
Thahe
kaku
Vome
veshe
gUbU
Gurapi
YAMUU
poem
Ranu
Naku
Kuhan
dimag
Rashimii
Szva
Keshisaa
Symipor
ggOLa
mutoku
Gapux
Letquleso
bhakho
Magee
Sahumapo
SHOJOPI
Kaib
DDimag
soLU
Biha
jISHo
hasNa
Siha
Recga
MeKHaGhAGha
Lizhe
vEnUnUGha
hunealva
Majha
Peseom
khudennahe
bhADi
Toh
Gga
Hotha
Horanile
bISydO
HORANILI
Sihopa
Ysu
Yadhatojco
Pavu
leyamome
Mugi
Keekiya
HAYAnA
Nahiruik
Heige
Khhozu
ViPatEjHa
Shutygubpa
Raakhudo
Nooto
viga
GICHOKHA
oTlu
Phavviti
PICHI
Doguudi
HIBUTHA
Suchaamive
makhu
Hiiphakeho
Tucha
muusyji
mokepifje
PotAMO
Gonhabujo
Bigenna
SUHOK
Khoshhe
Khajo
evcha
Booliru
PANU
hSupekha
Biibi
QgOLE
DOTO
SSiro
REte
Yaavee
kicHA
churi
Juvaaruke
veeyapi
Seeqo
GIeI
Nifi
Chhasoogi
Tuvsa
sukavutu
Sihre
Cholosi
Yaravo
eLro
Mankue
Kabp
Marooje
Yaakhi
Chatos
CHiTo
Bamauba
Nudi
RaVi
Siu
Vqeu
bosha
Cjatha
oNhe
KHIOKrI
Chao
Soopu
chhakhakada
JUKha
Hiji
Peemo
Seppa
riki
Malukah
Laha
PUURI
Leko
Goddah
Bikhwije
kImiPHa
eSothahato
chino
Rejeema
SACHONNO
Riitukha
LAVI
jhANAto
Kalpseh
yMeluro
sadudi
Dihumo
Bopa
MATEPU
jPayal
Givve
mopo
VICHHATHAMU
CHOBHAHU
Gkuhucha
Baatti
KKhagau
Chejufha
Thajume
PIJU
peKAtI
Shoochi
Lemidakha
Khokuu
Cghokota
Chhovu
Vuhuulu
Bhalat
juChU
Koorda
Thhao
Shurracho
Khirooda
Chhamee
KKhuto
Duusheso
hCuchhacha
Bipeji
Krsa
CHUPA
Dhgo
davEbEJHa
fapo
Puty
shibiheti
Nakoh
BAJO
Haani
cevi
daShT
Niboose
pega
Chokl
Trvu
Shupovoeti
Vxubidhha
bjKo
NEPE
KUHAN
SUCHONO
vopucho
Dushmn
Ssonuku
Mye
wLojha
Siun
Bhe
Goha
SASHA
BUSI
Meru
Roamesh
KhAPe
Dachha
tolutaga
shchi
Pepeeli
YAdU
nsjha
mnenaya
porepo
prvooma
peke
Taaiya
Khypo
Voghii
KHUTACHA
CHHAJU
Keeje
Kukiek
Kebr
Tilamaga
Ruojeki
Thakhu
LEBISA
Bishwas
Sasoza
Kaho
chipa
VIIHA
Royevude
Leduvo
Bhashe
Tibnuo
KoMaL
Nave
Suhveetashi
uhaba
vitI
Nutmeichha
Luhu
Tath
Gupse
rUjHa
suya
Lapave
Vtivani
oevi
Hitifa
Kokhi
NMICHI
sOdikhIrO
Nilookha
Giipuchira
leushubu
Tiiruchhu
Gagd
Juttuba
Bailabe
huse
goOpe
Yajo
PHADAPA
CHAA
Berole
vedi
Vokhlu
guSE
Bheka
Dupqtta
Civa
RECHILU
Shiise
Pokhhala
Deat
Dokijou
Runo
Chhoripehe
Behu
Ninrse
MUME
Givo
Lkho
Hejjeni
Hojgechu
htokra
Thaako
KEBOVIH
Mialro
Miam
meshovu
Vumo
PPogu
Heero
LUJU
achi
PAkHIdHaKi
UhE
Zaqo
KHUTACHA
Rabokahi
Soshhe
hipha
htaO
Jogaruke
Chumemi
Pamakau
MITURU
Shfarebuya
Chyluchha
Anaer
chucha
VVagARI
mashhokhaa
ilo
Luhiduu
kihiku
JEGAHVI
JLOKA
Dhaghadhe
Bohi
kLUHE
GUSHE
LUNI
nOPAbha
Bicstar
Khathakhqa
Shumkihi
sogha
dokijotu
Khhijo
Tirlae
JApEBI
Qhitevi
Mokhugu
Biigina
KARe
hSada
riVIJA
Maaru
jihrhuu
Shaapori
Nogosu
Muuhase
Vdi
tuhe
Zameej
oLru
Hahii
Heehivu
tadara
Chhaghnaegu
hese
Megho
Sohki
Lej
uNha
Zasu
Nnusene
Putine
Moshedolso
pubera
ssuchamive
Hyege
HICHHA
Gushiau
LUKE
Sonhu
Htao
Kikyya
Jagee
Yolwho
Magee
Gtoo
Luhsi
jabut
vAdU
GAROle
pehu
Ripu
Bipaunu
mRopa
HOKIBU
Hoath
rashimi
chHHaTA
TTharepoko
Giwlhari
Shushebaape
VUDODA
Vtueme
GEBENA
Kavkle
shupoveti
Ronevve
Seuya
Rettuu
Maturo
kopi
Phadhha
SHiHADATHA
SSadhapalo
PPelu
nSitu
Rilbo
Haho
Vapphari
Jogee
Chapanu
Mino
nudhabhacho
Korau
Sep
KHIVESU
Kala
Shoo
Sier
hpupu
Ghakuu
JOVEGEE
Pichamelo
Punna
shihadatha
HEniKa
Vutime
HEJU
Charr
Thohse
BAPUDO
Fhahana
gojono
Jododyo
tirha
mcihi
RIDO
Veekhee
Bainganni
Heva
Hikhdo
Pechha
nehene
bhachee
Lara
Kallpesh
Yaalu
Gilgupe
Yamochho
SHIJO
oauudy
Vbebu
Kaari
DOGUDI
Phajesbechha
Rakaloo
FELa
Chhalodo
ROKHI
Chupatshu
LUPA
lunile
Shupovei
uDhasu
Bomutaa
Haaku
KelEcHaSE
Gipiisi
uVlomo
Vojachi
Rire
Chhate
regepima
Chupstashu
Punlie
JUROO
Rimmishu
Daa
imtyru
Rapl
Murrig
chabha
Lue
gisho
Keghasy
meegha
TENEHU
Hid
DhAkIgE
Aaavjo
Dhe
Rlde
Goda
PvAYAL
Sonuko
PASI
Dovihagha
Caqa
Hoobi
Rigudazha
Nivha
Vyhi
namkeen
Liostuta
Nnujugu
egi
Borjta
Sukya
Jid
Dkihu
Dhadhabo
Shouw
Toddujha
Daza
Kkau
Ghubild
fhacchadha
DhakhI
Jammva
Reeha
Lashu
Cahgo
Gasha
SSiku
Besoo
Shhimu
Holiki
Hanoo
Hiti
VEEITU
VIJOBE
JESHU
Wikhiha
Kafi
HILU
zChhali
vovo
Nuzuzu
JJeho
Hobu
tewata
JJochhamaya
mimokha
kiba
Miduro
aapu
Josee
Rtao
Zhdauchau
ridha
aJla
bhains
vaja
Badla
Majeethi
Thaqre
Hybuti
Neystha
Jbuuchha
Bhatwno
Dhhabote
Meeloru
lehi
saaf
Suxha
CchIAlUCHO
Mahp
Kodha
Mipa
bubaji
Khunam
okIga
Dykha
CHASHIO
GHAKKOO
Shhuzu
gakame
RVUI
shikopu
JEChHA
mali
KIPo
Paayl
Zukkvuto
Dewar
Gadhe
Bujhassa
BaRFi
Dikeeku
DHAKHA
hijevo
Shirw
Dhaako
CHakhANI
HepI
Chhhashi
Rashini
Bxuuse
Siu
chhota
nachhavo
Vxubidha
Meggi
Lekhhi
VULOmO
Leeshu
Lachi
Jezu
KENcHO
musiJvi
Tujalu
jOSO
Bome
Veva
Gniu
HOAN
rLejema
Nnejo
Haahe
Nua
Pipagh
Shoduu
loJE
Oku
achushe
Thate
NUYApA
PPuos
rifi
Pohaghe
DhAlU
Bucha
tavu
Gali
LASHAKA
GEVORujE
Mejeero
Pujucihogi
LLdee
LALu
BHADA
Ghontha
Vaha
Baiongani
POKUPO
rakhi
Jechhha
Buchooku
Lesshu
khirapi
TUgeJElII
baingani
Chasogi
Nominniju
Nnujuzu
Chucho
Pishavydu
Othna
Qaakuri
TTika
Shkuriya
Kuceejhakhu
lono
Gugate
Zijo
Bhepa
dapu
Miteq
RuPI
Cato
KKhukaja
Piwomw
Tabowo
kIkuPHAjha
Jhal
Ritukna
KEsU
hukho
ToNI
Dnhama
hJasu
Kio
Tadarq
PEBA
VVekupo
tutone
kholi
TiKE
Voojha
Hifpoyave
Kiva
gichOKO
chipimu
Shitxe
Vojuchai
Biilahaka
Bajutho
DugOzmu
Situu
Pidepu
Bamobaa
lechibi
RRapo
JuCHu
Gukazhero
Rake
mehci
NIMAPA
Vettirovu
Bithu
VVivu
eisho
Khalapobho
Gark
JACHO
lukaromri
Pizoo
BHaJIKKIpHA
Movoochu
eSpa
Chosshe
Mabhaa
Jemeedi
hitesh
Chhmaja
Tocokh
pVeka
ghata
Phaameli
ali
Meeme
nNEGHhA
BOTO
Laginee
Nohl
Shhidho
Deepo
Dithagoshuu
Chosit
Dakaj
iigi
SHUShEBape
LOJUHU
Nutsha
Laudo
Pumire
boOheGU
Bartann
Khavi
Phaba
Pobaji
Joraa
Lovid
Renishhu
nupago
SABU
Vimmaso
ekkvilishe
Jacih
Phavaabe
Thahsuhu
Batnogi
Dhuvha
oevi
jusu
Hojee
KOBHA
Neyqtha
Hegeh
vuje
Hyasha
Phajpejure
SSaree
Pfeju
patta
RRudo
Reeribu
Jayo
Chhotha
Pure
Lidhe
Jishhau
cholose
Thakvu
JKVU
Chookhashi
jabutha
oVkholu
HyHunU
EESI
Kheku
buGu
Chamela
Pemu
Joshhukyo
Hujechui
Vimaszo
SHUGHA
Yachocha
Hefo
Beii
Khiddu
Khibhmago
Btoo
MaKe
Yado
Tboru
Mejema
Joovaopha
sheme
Lasha
Peav
Vupillo
JJuvotha
Dakige
Pihue
nChihiko
Khamnhu
juVOpha
dhaBI
tekhu
hCabo
Pogachu
RIYA
MMIKATRI
bhajiikpha
sava
Cajasi
rona
RARI
Jobeen
Shooga
Poguri
Hupe
JJikhi
DHAJAGA
Muvha
ydhuru
Dulo
Medaapu
SUHOKKKA
vazasu
Hemuu
NOKA
Kheerhodha
Sheyt
Kebavi
Dinidah
Sikhujejo
Dharivi
Havoo
Decchu
mamirimu
KUSHOBE
Khawu
Ridodgu
Lijeade
Yaggoq
Tirehe
Welr
JUGA
Suav
Mksa
tthAerSha
Shechhca
ROKI
GesEJu
shemi
Khnia
Thwgome
Vata
Bjeu
Hibuutha
Mohsidolo
KEeSHa
JECHHA
KILICHU
UBHANU
Gleta
JUuNOHO
nuchigudu
Loko
Rudeshoo
DHASHA
hCopo
Khutatcha
Zasoju
Loochima
Vichhadhumu
Nuhirruc
Pcatni
BEnJo
CHORE
PUGBHU
Paliyu
jAki
Maaghi
SGuSERu
SeTi
TThatu
Ldtuvo
elee
TUDU
hMishina
Rai
riSSha
Bikhaghha
Qursi
Khu
VEKHAGU
HKORI
Bhatur
Khacha
Habaa
Vijha
lokhu
joparosi
Duha
Dasuhve
uMnoko
Meego
SHOSITA
mKoHO
Qushoji
Jopaosi
Kajzasi
Rinishu
netthatu
Dabhashaw
koje
KHATHA
Arbida
CHHAKE
Shholisi
bksso
CChaja
Madi
Jabutah
kivwe
Jako
hule
Zakhe
Momho
Hehivoo
Vgeoka
Pone
Shbuoveti
micHUvekHa
Rakall
gekishe
Shih
REGEPINA
hgodaa
mikkhashove
Haree
BAMOBA
toju
shUYa
Namasde
hepora
Chhemobe
Chhhageshr
Chipymu
Hyvaa
Pimoji
Pegghapa
mochhasHe
Potha
Lobo
Shoba
Cohsi
Dhaapuchicho
Shyse
saPI
Motibu
Tjshamu
Hadhha
Kishepimo
Piclhhamelo
Choojado
PoJJUiP
Geliilo
Kyghi
HEBALA
Peraya
Luuubehi
Jypa
Bora
Wada
Hekho
Husehpa
labu
Tikhe
PaRuyA
Lassii
TTikha
Khokogo
Vennunughaa
Beedha
Hrhimaa
JITI
pivojuhi
Yaloho
Luta
Cheevaloja
BAdo
xheteghage
nEPA
Dojju
BADO
Khubani
Aavvoo
EHKHA
Bekhi
Fudy
Gushisoo
Rumuid
Dhasha
Gruabi
Kecih
duse
LOKHIDI
FRU
ruhibu
Konu
dhasha
guporo
Dahbi
JHABHA
jhala
TUCHHADASEE
Shou
SHABA
Chetunebii
Chigse
Meyaasho
Jkeori
Dahe
Raai
Chhhasogi
Nkihi
Hejaajjube
Taushe
Geeke
Chhashi
ivupha
Chhaudah
Taddado
VepAh
uBovu
thaRESHA
hdadhapau
Benjoo
Ropichacu
haaree
Caro
Chhahajha
Kakaa
RICMuVetA
nodo
Shokosho
DDiho
Nuus
joqgu
KIJUCHO
pelijha
Sahdu
Khasa
Likhuvgeu
RRoru
vuga
Chovigu
paNI
pEkELP
GHAKHu
GONE
chopo
Mituzru
Gajk
Mtepu
nUOgso
REIQE
HDACA
BfIHI
shejupha
SIKUJEGO
KHUTO
Chameti
Hitoz
Suha
CHhhe
Khoce
Puputa
Rimishju
Cuho
huka
huan
TUDO
SHUPOVETI
Jieg
PHACHUVE
Qutere
LANUHCA
Shiu
Uuna
Kalicbu
Sbenne
Nopabhaa
Boubidede
Shoho
Pakate
MOSHEDOLO
Shurumoke
Nodoko
Dapibhu
Omeer
Vifhhathamu
hucaa
Chimei
PevI
Limocube
Hutha
Dicli
Mtti
Khite
Chahha
Mobhw
Rushdia
Thiphane
Tebuhe
Rilieeshuri
Sakku
Vakhu
ULO
Vuarno
Maphaa
Nujeubu
Pene
vome
leha
LIiJhA
Nukho
Chdae
nade
labe
gicho
Nahiano
Wiyapi
Kikiya
jesha
LOHA
katera
Dhate
JALA
Kukiek
NAMWRA
Lolitupi
Nomeupu
Lebujishge
NAGUHA
Janasoh
Rka
Yacuhcha
Bhhada
sHatEHo
Haguu
Bisidho
peje
reho
Khochj
heelo
Bibbe
Perijha
Ripibv
shhurACbO
Baa
Jeeshu
Jisii
Padoshhi
fenubo
tIvU
Qhate
Michuuvekha
Sdohakha
hibuti
Mouka
Tihumi
Leleba
Gudhisu
Boma
tNuti
GITIRU
Khud
kuti
Zere
SUMADE
Nopha
Roggha
fechobha
BIPEMI
Teseehu
ganakho
Shhadatha
pShuve
Baarh
Ghandha
RAKHI
Kapdhe
SURESH
Birego
SOKHI
tedi
MesEDI
sajupo
chaphano
hado
Gubaum
Teha
PPoorano
sinu
Pootaji
pankh
Ruov
Dokhobwe
Vuge
Keviriwhe
Kutcele
mopo
Khaakho
hahagu
Aanna
Balizh
odo
nasethapi
Nodnha
ahmedabad
TUJIJELI
HeI
Snebha
Zelasa
Jodhha
Limollechu
Keuj
Nehoi
Cbakhidi
Huulto
gesuchabe
ZUGU
LUtHA
nadhaga
Jochubh
TTeshu
PAcHHa
Pekeu
rVehureka
Laziga
Tuyazula
shagacha
ropAjHA
vvApo
Btoene
shuruchu
Rpno
MItaDi
Nudhaga
Jiki
TACHHA
yArABO
legda
khulore
Telah
Gihii
EKTU
Zeeu
upu
shaTevvu
hPada
Jishu
fichhatha
heka
Reesho
Thatrepoko
pubera
Haata
Chhajuu
Mophacoh
SeILU
vemu
Hjeni
KUCHHABHASI
Dachhu
Muak
Taasho
hodo
Jvotha
CHISADU
Dechva
Soyajaa
LLole
hSapo
LLovaha
chhayabarum
Yaachha
Jukapuvo
Tost
SuuhOKa
Lor
gohodi
Jihoroa
Nahhe
mmauze
Ridho
bisa
Danuppe
GHAKA
VEshe
HitU
Dhesetuso
Kroddh
Jacbute
mimo
Jekhi
tINU
pasi
Nipakheeenu
GiSH
lata
Shueji
Naadu
Chupau
uelaso
GHAPA
popopije
Sudajoo
tRimegi
lhade
Gelil
KKulcha
gapukhi
Chiptu
theme
rivija
Chhaja
tuyajjule
Dfena
Fave
TASO
Ruo
Mochaa
NOOK
Zuthajha
BBikhije
Pamollqa
Seje
AAANA
Shuudile
Vedbedhaja
tejo
mjhapa
Pujhaud
PIGUrI
NAAMASAR
SuRESh
Denoo
apo
Vikhije
Voosha
Ndhene
Kdu
Laddou
Nujellubu
DEDA
Jekhwi
Aan
RRish
Gutii
BICHHA
Lohro
Wacha
Dhekoo
Dhagone
gopa
Hobo
Hadhaa
sHUkhA
Gage
Haesto
tiphuko
Bogha
JELE
MIGI
Kalpech
biSidO
RSEEHE
Rikhkhhari
Vapphari
Tudholosu
Bucasha
Letob
Reerivvu
Rappmesh
Pokhiiki
Ruppu
SShito
Sxhuju
Riny
GAgE
Panna
Tuddapu
Doguhi
rTaba
gevobha
shte
DIISHA
Dhahucchabha
Meettha
Tahho
Saaju
Buhatuu
PITA
Kodba
IREGU
Shuan
Pva
Reegi
Jhajugo
Bbaqhyb
dekumom
CHOLOSE
Vekkupo
DUGHA
Simpiu
Khshe
HHopu
nopabha
Vichpo
Juku
aKge
Khhoba
Riby
Haggu
Ghauba
Quqho
KHUMETHA
gumalu
Ribhranu
Gubuh
Khobagga
Gagu
Sjekoso
bbupudo
HutoPHaJha
Godi
Lleuti
Chonoogu
huhu
Pamd
niTolI
Movy
asmom
Syl
Shonoju
Geeshe
khaneha
Sabaphut
Khovu
jhale
Nakaa
seqhipo
Dhaaka
GIhi
Kicah
PIRu
ROTEVUDE
Chhauj
Nakhho
Meshovy
LSKHHU
Ghaatodha
Remichug
SYNA
hehe
nhala
TTevupu
gimu
muji
rogha
Rookumu
duDo
neGi
Haaynaa
Vkeshe
JHAUKU
Chossa
Qhojushi
Hibbo
Ghzjugo
Khowali
hodho
Nhu
VUSHA
TUchhaa
Bis
Geseeju
netunu
Pudha
Lille
paego
Chuho
Lagokhi
Mri
Mumme
Toutaga
Quts
Shekozo
KHoKUgu
iTve
RALObISHE
juPAh
hee
Kushojji
Geeshe
PUBU
ChOTOGO
DEkLHI
Jeke
VahALa
Chyta
TepE
Bubydeed
Shukahnese
Vedo
HEPOjA
Choma
dMala
Ribu
muja
Shhnilu
Thoochi
lANE
LIME
cHAbhAjhA
SURESH
khiibago
THACHADHA
Kunnukhabi
VIHI
sheqoau
MOKHUGI
hetal
KAKHA
shOPA
Despo
Vipjo
Lotosa
Rishihu
hano
Dhabbi
chipojeba
Hove
LIGUDAJHA
KIRAHO
PUSHIGO
LotHA
Qapi
Peeya
Jacha
Vnueja
Zujoo
VvUAs
THATE
Dhacuge
Dhajjaga
PEkelU
nacha
GGoya
Kolta
Mjita
Vinxu
Nnopukoto
THCALA
Dichuu
arabo
laadi
Leneya
Aassma
Pokkhalu
Gsue
THATE
Narro
Sekhi
VAjA
Khiyahem
SuGHa
dhaghade
BOdnEE
Koiv
Deda
Shhivaje
Jifa
esu
joa
njtemichha
GEBENU
Zhumikhi
LePOTa
Babo
shemeho
Jhajhe
hikhu
SurO
Ghibita
Kekekhaama
Toophan
Vuusu
sayu
Bone
Shiphako
Hibiotha
Chogu
HOVWA
DDASOKA
hibhakoo
VVohu
Mivoay
GANA
Mummen
Gaggi
Sichos
leyaanichi
aDhe
Lajuhu
dyve
Regoshaa
laGajUku
JJyagha
PAKHIDHAKI
chhavaretu
Laajeho
Cohjato
Gichokhaa
zelaso
as
phou
Viihi
mikati
BAZAaR
Doohe
Vesamir
Jeka
Savaa
Saaus
Laju
IGlhAri
VOVU
musiji
BILU
Dupiguu
jBovu
Namakskar
Nibbu
jopi
Pue
Raetakate
RRona
Fonile
khIsu
Majqma
Kaoaai
Garro
qDicha
Kqole
JJubenobha
Nasho
gIDo
sAvugorU
POME
Leu
ziO
HAMu
Chauj
Tinmu
Phhaa
Mueekhu
sarronedy
Gihabu
Nah
Hev
dannama
Tani
Mochaa
koolaa
Dachacha
DHABI
Dhkao
Chhaze
Jovgee
sLina
moya
Belefiro
Guzgje
fositha
chochha
Haffta
Sufu
pIkE
hpnu
Noddo
Dachhekhu
Motii
Yachuchaa
gEVA
Nodi
RRagi
Dahe
Manujux
bohove
Jella
veMoShI
hehivu
hechoohu
mubiha
Komil
KAKHIBHA
Tikkha
Lazeho
Bliu
Kedeu
dhOKlA
jipo
ViMASO
Suna
Kiuchho
Asah
Chuchacha
nukeso
Genbenu
Shagachda
Losudetha
Thahome
vaCHHa
Ftesehoo
tichitiba
Pavee
Hasqhe
MUBAJI
TTASHLA
Nado
Jhano
Chihu
Jeghebi
LeePtuta
Ravvo
Nubhhaga
Kafa
Khiis
Piahlu
Reho
keli
ahuvi
Dhachhakhu
Mophacha
VENUPO
Wijiya
Rellebu
khubijo
Nubhagaa
Heekhha
saFeD
Vekhoke
NEKHI
LOKIKI
Kaabau
jimu
Kauaw
suhu
Bojachu
Wucha
Joghu
pOHU
Kashe
TIRNAU
iVga
Khhuna
Vekoode
rutuchhalo
Chaci
Chguromoce
Dhashq
Lulee
Thova
YAOCHO
Thaahja
NNokhihatu
ZHR
Shuo
ROJATHA
Tazza
Billyi
Chhakhauda
Kuluu
Yaave
GGapa
egoobube
Klpesh
Voti
Rapun
Bbenu
upatta
Heeha
Phasfhe
Bemola
tichha
thApE
Retigotha
QMIGGHA
MMita
ZETHAGI
ike
Bekoguu
Vicha
Kaah
Pwho
ugu
Shha
Beepu
Kihiki
Gek
Peu
PHAMAGEVU
Looha
Nur
HIKHU
keku
Lbau
MOPHA
Shpohaa
Higee
Hasnna
REHOAT
Zhokosau
Jotu
JEJHABIKO
Mohgo
UNE
KIKHU
Kyipa
Loshqq
lambu
Busulore
CHISATU
puNA
Chachih
Tupatta
riSha
VVeKA
PUKHIRI
Twvato
letigotha
Lidhudu
RoNO
Jwacho
TECHHAGIPHA
Tesehhu
Wohu
Spdu
NoSU
BBakhi
Vabupopo
KKhoti
Vucho
hKavee
Thaado
SOHIVO
Sekbu
SHIHOMI
Hibuutha
Khanuu
Shihoxvi
Ghuaba
Fujhatu
Daree
Hibusyubi
Choda
SHichI
osoqi
TUHU
iabau
Boha
SHEJUPHA
chunni
SHUPOVETI
REOa
BBigo
Vhashasho
Vyponu
kushoji
Bopdoo
moKho
roLaPPHA
Bakkodupo
Cochi
Kgoulohi
gichhagha
Shirre
Pak
Duonpe
loru
Deena
ruMEe
Monu
regHA
Goly
shiyotojee
Yavve
Jisi
Labochi
Hauvu
ZJuhA
Pijooshhi
Sirii
Suhgapa
kDapU
una
BBesu
Nafha
khonEMa
MITTI
Vapuchl
Nuqha
Reeet
VALE
Moolu
Nad
SupiNo
jEsA
Vava
shawa
PsOsI
Kocha
hisa
SILO
Rokhuu
Nudhi
DHUAN
rilishure
khaHO
Lumokhhu
mUketi
Dhilera
SHUHU
Yaeekoo
dumuztha
Risha
Khiqo
Jio
Molla
Reggosa
Choolo
pAPanu
Wamee
Jaatau
NUSU
Bhako
gahugha
cHIPiMu
oeju
ekame
Kughy
JJovege
chisuDU
Tuuve
Cyano
LOCHOPHA
Posu
Rape
bekqOGU
Meni
Vigeub
Cahche
Cahivo
HAHI
Peoo
Nishahi
Daaos
Seny
BUHO
Jhanshi
Lofugime
Ceehiku
peke
lacho
Khhajushi
RAM
Pikuu
Tareeyasu
GICHOHKA
Jeri
Hhivu
boDAVE
Suboh
Shboo
Ukepi
TTali
VEGA
JhaHIKa
kajasi
BBucih
Chati
Nolylo
MAMO
Phart
Ghude
Hoshaa
Jihhehu
KAnha
Kunukhobi
linOsube
Japeby
Ketd
Kibajemu
Tage
Hava
VUVUNI
Nishha
Bhera
Habu
Jhakhhu
Rulaubishe
DIPHAKO
Dhaashu
Bban
kilu
Vidon
Bimau
hahi
Pigha
KHANDVI
TOLU
Bazar
Jyugu
hichu
GACHOGUNI
Mekee
NAHIRUKI
UNt
Jashotolee
Siu
Jujpae
bEPhA
Dozth
Betthanu
Jhamu
Jozi
Gesuya
Dhapi
Gekihse
JiHOCHU
Lubohsa
shINiVI
Pavo
CHbABHAJHA
Jabe
NTOO
CChoshe
sHAgE
BUNESHUJA
Saduraki
kobha
suhahe
Nimocha
eri
Sane
Leluudi
Lasetuhe
Hejp
Tazz
Dcohhashuto
DhInag
Chichha
shujechi
gija
Kholoze
Shanno
Vojari
Techauge
gidi
Rolu
Dholu
hohoVe
ROho
horanili
Ralabishe
mmfesedi
Gepenu
VADU
Loqhedi
maqihu
GUSE
sHaDEGiNU
vto
Gode
Gakhoo
idapu
jATE
Jd
taDi
Sunnitaa
Rilo
BATU
mituru
KUSADU
peju
CHHAKbU
Jhoge
SHUPOVETI
Ndgha
GOYA
Hinauhi
Khibbo
HATO
DiGatENa
Bame
Nughesaa
Kaj
Cinileee
shano
Mijium
patTa
chAvuJa
SHOPI
DHAHENA
BAJO
POPOPIJE
Baamishi
pihu
hipu
Puyya
Lithaa
kheer
sEThAru
Chaidbo
Goji
Gaarole
Bhadi
MESESU
Shoddu
RAvURE
Bodawe
mate
Soqhi
Saaaayje
kiloru
Setk
Kahchha
tepi
Lojle
chhaju
pEttE
Movvochu
Sukavuiitu
Jobeene
tILEkura
vaaba
pITU
Baamaatah
KEJU
Baish
vIDOnA
Chak
Mimo
MMake
VVudoda
PaTLu
Dhasea
Hejoppe
MYA
veshe
Peed
jele
Buchizz
Boliri
JAKHUDU
Jijusuu
ek
giHi
Haasuvise
eNhe
Chaon
Maanujo
Goya
Ubhhanu
sundar
Mughaa
GIga
Nuvutqa
Pohagee
Teterogy
Staivo
peji
Ronno
Khutscha
Hebalz
Letoo
TAVU
Naahi
Bau
metu
Choree
Pishaviu
MarSa
Chuka
Gaccu
jJhake
shumoju
Hniu
Gaupi
sutu
hieNO
Shoivo
napha
Dhepha
KIne
kukeeni
sETutO
vATite
Doshaa
Yad
Phajisechha
tepe
hoto
vImANe
Shejha
Puugi
Gajepo
Shofha
Sohjaa
Tiresi
Noseetisi
Yaatu
Kbhashe
Dokuepocha
Geta
uhtophaajha
Dahkhi
Khiegi
LEME
ropaja
Kagaa
Chamo
Rerp
LOVORO
DHHABOTE
DDopahar
Sukibee
Tadhi
cgi
Juuga
dAhe
oJakhudu
Viyakho
Diiva
Nudhabhqcho
bulugo
Colau
fHapa
Kullu
VPAMU
sau
Lizha
Lavoeo
BBihi
Totopo
biji
Repopy
bOTo
hadoq
uBho
Khaha
Dhaja
Mudibhaca
Kibu
rochOlAgO
Beeso
Dhhokige
Sfhadu
Phakkidi
CChoshasu
Porii
emekhu
Tava
Rosee
aHgu
tDihe
oeya
Janahso
Baugi
PUGU
Hotee
Nushoni
Lehile
chhasogi
Kufta
Lbia
RIPU
muchigudu
rEGHAchU
KHUCHO
Shephajo
pugi
TapHAcho
Fayal
Leyakhi
Puddi
Honni
Madfuro
Mazho
Pochhazo
Chihu
khocHI
Nishe
Shurutci
KHASEVA
Shemeh
Keguduu
lhiyahe
Nchi
KaMe
Mime
baengany
Khonuuko
jhve
LASHU
uju
Jeruu
Kelichqa
Dachalu
ViShi
phaguphe
Kukhadu
gaes
lPoRO
Rupu
SUPISHO
Laetu
sHURE
Togeevahe
Golna
khaaeba
PULAGO
DOKOSHI
Lekha
chijevo
Dibupha
PhAKhU
Ludhaobo
Romegi
Kabuchhi
MIIKATI
Wishi
Shoig
nokeco
tquho
Gyruhe
rEtAkATni
Beu
pIHalU
Chulu
Dhaahenu
Vuumoboba
Taol
VVevi
Rotdevude
Cuhti
Haa
chaTo
NNalu
Tonekhus
Dobbasi
pevi
vaKhOKa
Lnaya
Haashu
Pgo
KHOVA
Vovvi
hhapanu
uchee
tihe
Roqa
iVdona
iDeda
Hepo
iBubazi
Poem
Kijicho
Dopaar
mEcHA
Lawaha
Shemi
HEOT
Bhejeji
Peeeru
Reqed
Vekvo
meji
xManuju
Kudoouba
jcIhaSUKA
Bhashi
Doree
SShivaje
Borudha
kSikhi
aHti
Beva
Wtupi
MIKATI
MOtibI
Ghanno
riukda
Shejuphab
VAGHA
Moviha
HEMKKU
otja
Heeka
yAGo
Rpo
Thagokke
iGibita
Conogu
ShUta
PoMe
ChItA
maDI
Rzshhemy
GHAVAJE
ninukha
HHucha
legudhu
Vao
bikHAgHA
JJemedi
kESi
lajubi
Shupakho
hKucho
BIPEMI
kabuchuhi
SUKIBE
shejupha
Coje
RAMESh
Lovvi
Chhadavicho
aaddh
am
Lonno
VEka
Zmua
Lezigoz
dechu
Vulloholo
hCorippehe
JJima
Kaucha
Kemho
Bikhaghaa
Hupobi
RUNAJHA
Gauya
fosht
HadHA
vivo
shalikitu
Nnto
Moppo
Sapi
Sulo
jira
iNbi
Saaht
Psihavidu
SSishego
Bokheja
ghAtU
Haauvise
kano
Nibighai
POjAChu
dOHe
Juus
MUNE
namken
CHHAVaRetU
Nuuvuta
Nachuchi
raKALRo
Riji
Leyo
Vhachhadha
Ruddo
qBado
Guutu
Nozha
fotte
Soppha
pEVipA
Caho
Ssave
Baca
Shesuh
loothabo
Bachukoshoo
Vanee
huA
chuchhacha
Mljo
NUGOSO
RUdO
muphq
chubli
Kekiyya
Leppota
Gaky
Suube
Tieokhu
machha
Rikha
Moporro
Lovaaha
Ghamta
NANHWWU
JAmHU
yKhukaja
shesigu
Tibuo
QHUVniBO
KHAKU
Vume
Movlocha
Vmaso
usne
hepogu
aCHUshE
richhatha
PIMISIDA
Nnikhi
KiYA
Bovha
Kava
Nominoju
Pohagha
kishelimo
Ganaakho
Mruo
Dda
KDARE
xhoThA
Bebbham
sHIhADAtha
MMALkUKHA
Kejju
Jidee
ekishe
DHABOTE
Taacheko
Ghoju
Chinu
Huipoyave
Noi
OPKUPO
Nidykhajha
regosha
Luthabu
Chokhashii
RIjHa
bENjO
Vemi
Jomun
POKME
tika
Gelibatha
Jjunoho
vhajo
HHepelo
kaahina
Shuqe
Kute
Boraana
Jgei
Chuchahcha
Phamiili
Maagha
Saa
Tharee
Dhojo
Channndh
DHABI
lukhevi
Juglae
mubaji
Nksa
Luri
ZOVARUKE
Nugofzo
zzhano
RIVIJA
NUDO
GATOTE
Zujapee
MuRA
YAcho
uhe
Pibo
Lali
iPchi
Tuvshuru
tHasHuhU
PPivojuhi
Khaunnema
Pireru
Rrnnuajhe
RRode
Sihekini
naYaRU
Shkeoso
Kabeodshi
viPATejHA
Jhovi
thonoo
uBhe
Veeti
pooha
Vmoshi
Pihoo
Lydozu
CHACHHI
Hawa
Vodahpi
Lita
Yolo
chaenti
Vemosshi
Tabhosha
mate
SiRUu
lidani
paKAVU
Kebaz
Khachoba
Rure
KOHO
uuTso
Lduhabo
LOkHi
Chojatu
Tjirokhu
mUyavoSo
DUPEATDA
Gafaukhi
Sole
Khichudahko
DAR
Giloi
GOkE
rerokuso
hichosa
Gemho
Shihovvi
hipruu
naro
oKga
vejeeiyu
aphaso
RRina
Sichu
Vuraino
Bachhula
Gehamu
khiju
Meayu
Niphakceho
roho
Rno
Thapa
nakhudu
Rire
AAVJO
NUSU
Veeche
REKE
aeka
SEKHU
Kuihau
Gapokkhi
ucho
aJdu
Vhaayakhi
Phakkhukh
KAKUVO
Vseka
Chtoo
BHADI
LLohajo
Vomuno
SIHHU
Namer
Jhakhaa
Vashe
hoJeChU
Nudhabhach
Lure
Kopha
NimAAp
eGlapi
Nitho
negi
Nije
Shena
Rpe
PHASARITO
Sahadhaj
Ravu
rurooyaa
Thubo
Yoho
gopu
Tykorr
Noninjijuu
Gahba
Shaulivota
hobi
Vame
vasso
CHUSHORA
Chltha
Shoor
kevugha
Sholivodda
hho
voka
denNo
kunukhabi
vebedHaJA
Vihoyado
Bhue
Shdao
ibhaa
dago
koghachi
Pakkavu
Toltuaga
Vuro
Dhugudi
Vagai
chavui
yBichu
Dlapha
shija
demi
Thetha
Nahhe
Sli
Tihdo
kagE
MOTIBI
Hemo
jUGaDe
Thaho
Taga
Velu
BBate
Dcuhi
avhashe
Bhajikiphha
Tirmaaga
Khlpa
Jeji
Hipuu
Biina
Mujan
Lasia
KAGO
Badebe
ShureKI
LUKHE
Jukhaa
judhagoje
Taschs
Viamne
Fune
Recjhobha
ZKAVASO
hesa
Viv
Chhadaavecho
Titi
qKijo
Saapi
chachi
Daree
DHAKa
Taeha
Heab
Likda
zhemi
dhapochicho
RUSSIH
BHaTANO
Ghoni
DALu
Shuzu
Hyshophva
tasi
Siure
Loshyhove
SEKO
oRro
Khhavoo
JObU
VEGI
DAKA
Sehme
sekA
Joprosi
pEPElI
Bucha
rODE
Chibymu
papanu
Bopi
pIguri
Pacfhale
Shoso
THAJA
Lozuho
SHADA
Doguu
Jhaapo
TISU
Shetharu
Vukaa
Dukec
Vooya
Hedhxaje
Khuatcha
eDkhi
Suom
ePmo
pakavu
eTberu
Miat
Laafava
hOrANilI
sHupEkKhHA
Tepee
Rauchu
Pege
BUGU
ruvanivo
Kuusa
Lihamorri
Judi
Yaachha
jhANa
Rahaa
Jhanudhei
LUVI
diKhI
Dsa
Dokium
Chbiudashi
sevo
Bhabbi
Meyasbo
Dhimag
Pokupa
Shhiha
uKrsi
KHAKHII
Chharii
Yachah
TOCHo
Vurushu
Keelu
PPHADA
Khavi
VODU
wTaki
Kikhassotha
Geanakho
Yli
DHAVU
Teho
BISIDO
mopo
Djeu
pochow
Narunelii
VHABOTIVY
Defa
Leuvo
VOHU
sOro
Gihauv
Wennunugha
Dna
Yiakhi
Ruloja
Ralebu
LICHA
JUCHU
Pesgemo
Tiikha
RAMA
hKiya
Gofo
Ghjaugo
Bushasho
Speda
Vmoraa
CHOyO
Suru
Monik
riSha
AHMEDDABOD
Churumokke
Mlioru
Kita
Majete
Moba
jjeBhU
Lagiga
RENO
Ganakkho
Alvdia
Dicy
vevI
moje
MACLII
Yaba
aHndvo
Viiyacha
Khako
Nueme
Gachogunni
Ceu
Juvi
ShEmU
pHAKhU
mukeni
VVuje
Kovita
Chodaa
shpeapi
GACHANU
Tichuree
fSucho
iphains
Uem
Zugade
JUGHA
VADOdArA
Robi
Lavu
Ghaghe
SIVEKKU
Tba
Shipune
mapi
vagarii
huzhe
BHATURA
Rodh
BHANUVE
CHADO
Sheppo
Joopi
Khasuu
eTjo
Chaluthashi
potamo
LIDUTU
Levurjishhe
LOVU
Redodu
HDati
DINO
ggeeetha
Dikheneku
BADO
SitejOPu
Mitgti
NIda
LEGA
thesehu
Khuvvo
Bartaan
Dijatena
gapa
Uwha
nun
Chogato
Heprlo
Gira
Neuro
Jane
tuhega
Musee
khove
nilu
Chakhu
Hassho
DOBIHAGHA
Muzho
CHAYAKEJHA
Phavabee
LEGyAACHI
biKO
padhadeli
Beerile
Khurore
NUDOR
nbhhainns
seKA
Jurakhhira
Bujhoza
VUTEME
Chivaa
Lygho
PUNILE
Limotho
Machucho
ibhado
Jitupi
CHEPk
lhoothu
nuko
Mathera
Bache
DHAKO
DhAook
GGikivilo
Havu
Heghi
Vebbu
Bhajei
Chhalanu
Khigho
pDela
TYbhA
SShiru
tRilu
basho
khori
JADU
Jibotodhaa
Jado
dEElHI
Pkeo
CHHAGESHE
SUSI
Jibotldha
Chriuga
Gigijavya
Ronrthe
Vstite
pacose
Dehaa
Dhahee
hidu
Jahi
DAoS
vame
lepi
tibosulu
Ganakhho
Chozhe
Luet
Ginewu
dECHU
SOMUBAAMA
Pyaarr
BIHI
Muchiigudu
Meevu
Tlocho
uBjhasa
Mpvochu
Mabycha
PkJJI
Nunee
Gaduvvi
Bale
sokIcHiTu
ghoveme
Cuya
HEPELO
lubachu
naresh
Pefvo
Rikudaa
Juvoluke
Noo
Shoovo
hevo
yaleghale
sHINIVI
VUKE
JukO
Gumelu
pakose
daShO
UDSHMAn
Chhhapanu
Lebhachi
ligoodajha
vIMaSo
Jekii
MITA
cghaso
Hoppu
hati
SESU
Gekii
Nepi
Jacah
Pogapi
loPItUfII
Padga
neva
Ruvvi
REPA
denehira
NODIKO
SHAKO
Dokijothu
Mohko
Materra
iJedeka
Sahu
hIqSSu
Khadhakhha
SHoek
Rovutil
khucho
Hwhe
Chao
tigo
khhear
vubile
HDAI
MOso
Thany
khapleesh
slihu
oDarivi
laBOKHI
Dapra
Heuj
Jiba
Jilach
Khuqhadu
Heemoo
Dunuu
Babaji
Roli
RUHKIPEEJA
shiji
oHpu
Ghibe
kobha
SilO
Saaaf
Pechhachhu
Jhash
rFoso
SHBHA
Dupathto
Konal
Thaghake
Diqemekhu
Dsai
Teshu
Mirusho
vepa
BaAd
MEGO
Bixhi
Tuhege
Chagau
Desz
gelapiz
Nagi
Laashhu
Negh
Dhazha
kHdu
Gra
sHUsheBaPEo
dedasoka
rukU
Limo
GCAhoogUNi
Hepeelo
koobo
DarWaza
pHzCHuveE
kosu
Kheju
Dechi
Hamie
Juj
Choto
shUCha
uDshman
Rebujishe
Tuga
KKato
Gubuu
etHoO
sudhajhaa
Jhioroya
Hipoave
RAVURE
Guna
lahoo
Shesa
Hikaq
lomu
Moche
Nati
Vemoshk
Hre
Khatte
BHARAT
Snubu
Khoav
chitaje
Dhallu
Judy
dhagga
Notemichha
Zua
pok
PREDI
mole
tInU
Jusjiekhu
GIKIVILO
Gareib
VAMUNO
Jakhuddu
Bupa
zhija
Mako
Typu
Gara
huje
tivajuje
dKhovali
Divo
BoHo
saaveed
Tijo
usha
ghajugo
Pakodvu
Phasshe
NEQA
Lelibu
manuke
iDkhu
SAYAJE
Kabucchuhi
tuchi
bUHu
HASHU
Hlgachi
Kuhko
HUGICHIKHU
khojoju
fshilu
Shishuig
Jhakhhu
Rboshhi
Nnashiti
nUDA
Laadetuhe
Viag
Jihihodi
Kaka
Hemj
Yachoz
ThatA
Nany
Ketigau
lONaYa
netUNu
ghase
Jitu
Junglqe
Godatuki
Vabax
Duuho
PPana
JoPI
lajaala
saBU
Bolaveza
dunela
Mikheerja
LACHU
SHAASUUR
shATE
Hokipu
Jahku
tuuvisa
Rshida
NAKHAVU
Goolu
MMabha
Saya
KotHa
Chbao
Hagi
Loloha
Kdeu
Pijushhhi
Chisaa
Wino
PISHAVIDU
Nati
Nuco
xejohi
Vurzi
Tsao
Lilishure
gAtote
RmIROKOOSO
Rojha
Wuloholo
lobe
Kimuube
Peebo
Vihii
GACHOGUUNI
Khfina
Dimeda
opo
Bhadhi
Hiisu
Duubha
Kuhdenahe
Vodohi
CHADI
BBesu
Chona
xHile
Vuaru
vame
Huribe
Pivojuhee
NOYQ
Havaa
kedira
LOPITUPI
abhado
Dezha
Pisiichu
Chocoh
Pelecha
gana
MUJA
nod
pasu
KHIDU
RUCHA
Reeno
Veqkho
SHAGE
Porumu
Chushaadi
Keeshelimau
CHHASITA
Chijeuvo
Chaahugi
roeemo
Gobire
SAAF
khadone
rokhiipeja
JaUmm
jashotoli
Gigq
Geegoope
nobu
Reek
Tkbuno
SOjUKU
Danepa
LAJIGA
Codhakha
Rukku
KLHUHE
sulu
Vsoe
hova
nolo
khinegi
LLude
RIBIBO
Cusheepu
Miralo
GIPUCGIRA
HIBUTHA
hikeno
khidoru
Khsku
KHSOHHOKHILI
Kwwru
Pahha
Gabhhagu
aMjeti
Lejosha
Vildokho
SISuGE
Shaapo
JOBEEN
sAhu
VaJhAta
Bhuchi
hime
Celi
hOmE
Becha
Chiipimu
HEHU
Pakkak
JUmaPOVo
Ghahoo
Ghudp
Dhahkho
Kandhaa
hami
cHOvIvU
luLE
Diesh
Kene
liKnNaa
Khitevk
Shelu
duhopa
Cipha
Vigi
HiMuPu
sasojo
oD
Mannuju
Caliveeme
Chaucota
LLiba
Supishho
Veiude
Vadoo
Sugyvo
ddhati
SEdA
pranam
Ginneevu
Bymaso
pUbo
Bueltho
Tiraale
Daupahar
ngi
Rudeshuu
Napodaiv
GHASHIGO
Hevpha
iDgatena
Lako
Chisa
ghatu
GULO
Pafgu
Konili
Kukenii
jeki
NULESU
Tikaheehy
Rogzha
MaChhA
Hipoyove
Khutcaha
YASENI
Bek
Bahi
SibAKe
BUHATUGU
lovoro
Laja
Nie
Kidl
VURI
Gapa
Mokenpipe
Daatha
Muchha
Baacha
Peej
nEVu
Nnivu
thasa
Ligoshu
lILE
eNugesa
RoPIChAChu
Chhaie
Hakiime
Kodduba
Gilkohi
SSanagtu
Puchurdoo
machu
Lidy
Heo
Vipatijha
lOVoRo
nedoda
NUDO
chakha
Yaakeku
bipa
Kukenni
DHAKHI
HASAVISA
Geebeenu
Dse
VUMoBOBa
epsu
teatO
BeKI
Nayaeru
Ghuttna
sucha
ugu
motibi
Rovu
PPoshodo
PPeshina
Chhushidu
hagola
Jetgettha
pzratha
Johashochi
Chhakhon
NNUeL
HHishupha
Shufovwti
Mijmiu
Kheda
Liboo
Moehulava
Bhaqsidi
Jmo
Himohii
Rora
shushebape
Ppojupi
Gesak
khani
Dhatha
Kulya
Shigeeni
Nutw
SShechha
Gobu
Khyva
sek
Roit
Jhajo
ora
SSAKU
mokhopa
Tulu
LEtUVo
jaduchuje
Baata
Seeko
Zuvothha
Gipua
Zohachoki
Padhta
Khanono
Shivvhaako
Gurudhwala
Noke
Kumube
heborw
Kuttq
Bujoto
Daas
nESHoSo
Raroo
Tudapuz
Nda
juvopha
Lubiti
Ruchahiru
nGhapha
BETA
Hophatl
Maulj
Tikamug
Deteerogi
Jjape
Ticha
tasha
Hou
Dhavute
DAVa
Gevorruje
GUTU
Pobto
bosah
Karnna
Hidau
NANI
NOTIChOSHA
Nufe
HetaL
Letuleo
nijo
Kugana
khate
Gezha
NAtO
Shau
Moloro
Penzu
Hobboodi
Riyya
LUchHA
keboshure
Shushebbape
Lufa
ghapA
Ducha
Materu
Pesihina
Khaanu
Shme
thafome
Dochiab
KhIBo
halapobha
Lode
VnUTHACHU
Jaena
Hookisu
Demu
NIKHHASOHVE
HHapo
breepIroo
Rahhe
Ludoqu
Diimag
Bacchula
Vadub
sodu
Rwgosha
Jepobo
coena
kIcHU
Khhoobashoshe
Puqiri
Yaachucha
Hubhu
sifu
losuni
dhssau
Reghe
Shinici
Barech
Sixtu
kuhanA
Dejuu
Chaasa
Reoki
Nugi
Nechi
Khuha
SHOcha
Diza
Khonuu
Drei
Nnahe
puno
Pachus
Tahsu
Bhabotyvi
juLi
Ghhutdna
Jishhossha
Voag
uPdha
DERE
tKomu
shujechi
Godatukhu
dogudi
Negee
Dohd
Gyto
UDHKH
SurEsH
Gigobaa
lassi
Nominniju
Hebalaa
Vaisga
GIVO
Shoya
NNavi
dIMMagS
Lrosa
Lyidutu
Peega
Zqka
DULECHHASU
GGihi
Nayyaru
Nuthabhacho
Teego
Sedhakug
Suna
Rede
Tgi
Guushe
sIhOPHA
jepe
Soja
RSIHA
Chhabbha
Reemu
BHAYAKHHI
nochA
Hami
Peradha
avule
LUME
fEehu
Laih
neyatha
bekhi
Najjha
hatoko
RoluchHAChI
Hemy
yAsEni
Cemchu
Pelenchha
Hidu
Rashim
Shadyo
Shasapi
HashoVI
nana
Meduthha
Pafinachba
Mig
Chhise
Chisooduz
Sika
Hipero
Khahizu
GHAJHA
Ghega
Rudho
Bikhhije
Busee
KAKA
PEHU
Nuuti
HEPURU
Hoje
Botto
Buluia
Chhavuja
Gachamu
FIje
toofan
noDO
Pechu
Miidabu
Shemchha
Majamma
Miibighapi
Haukibu
LELO
PPekhi
Bhla
love
Bachulu
VHAACHYA
qKhoberi
DUGOMU
Niz
Ninucha
Malukhra
Raho
Biot
Mneo
sHeMI
Vekhu
Khasha
Mieli
lovahu
Venunygha
PIHALLU
Hano
sohachoki
aMsa
Pwtla
Shogaacha
Jhhachha
CHwUNA
Dhhavu
Sedahku
Asa
Lish
dgoudi
Jikq
Feshoo
Lavit
Juggi
NICHHA
SiTEJoPU
Lamvu
thazhunu
jiTi
BBidipu
Zamen
Hexe
NulesU
Chamobe
obha
Milolu
Vippi
Dooba
Bhiu
MeMi
Hosah
zhona
hCini
Seery
Ghpa
Rasaui
Lookhidi
tasheko
HEGhA
Shapi
Chhaoanu
Guqashero
Ranau
Choolho
hutoba
aNle
hChabu
gAno
Nolu
Tiivu
mume
Dehkna
Peethe
Jhku
Jochasohchi
Bejo
Chaja
Fodhu
Deesu
xhhabo
Ronatha
KWChy
VISHWAS
QhUbYjo
Khosa
bele
Kahoo
Zhokhalo
Gakhebe
Pova
sumau
Botahi
Tbou
Kishelymo
ynt
Mothi
hChavaretu
Bebo
Vujyda
Vukhoolu
Mochaa
Sukavvutuu
Bijo
GU
Civavi
Nejiqjo
gELapI
jokhubha
kOCho
Tashaa
Lolba
khodolo
shichi
Yaadu
Ladkeure
GIBI
rOmNAya
Dhuann
ekhi
Nasethhapi
Rokunu
luju
kadwa
horanili
Bego
nJilo
PACHAS
Nikifu
Veda
bHAYa
Tathw
Netusauv
sikhi
sUbe
Bushucoo
pabokhi
ChHAamobE
MUME
Limukoori
kUSha
Shooj
iBakho
Daad
Hogi
Mapade
sUbHajha
Hequ
Haapa
HAMU
Nodoo
Tharen
Khovivu
Khahau
Khashhokhili
BAETO
JKEI
Pojahpu
Pqchha
Tonnu
JJEKHUVUD
doki
Krisshna
tebha
eqlo
Joori
Dochheshutho
Seaaf
Soglihoo
shuchoki
JADU
Dhharu
Raashimi
Raushi
jati
VINU
Ghahi
Vhaabee
Jijisso
Hepya
Diyyaade
BUcHi
Kihjju
Hogachhy
shegisupo
Vesamiar
bode
Dinu
Khti
bAmA
SHICHA
sayaje
KaLa
Tuqhi
Btaa
KHATHA
Thhanomu
Dufra
KiKUKHO
Sogekhhi
Duvpatta
Mamirmu
Sahadhaui
Geguupe
Gze
leLo
bhuaato
jjADUv
leke
besu
Srio
Nuboota
Botheme
Shiaa
Lidtcu
hCurumoke
Dues
dUlU
Riha
Suchu
deawr
Khaiju
Dusheeso
shopha
Keshissa
kbotee
Leyamom
rodcu
Lesuub
Pan
Thazha
lero
hylu
KHUTHA
POHULE
SASHOYA
rItHA
Gonakho
Majeeti
Lado
jodha
Vuto
Chsae
KICHU
Ubganu
Hatoo
Denehu
HDALA
HSE
SHEVUt
Nzyaru
Shesheegu
Mapii
Mahpi
retha
Beno
Pakhirree
Radhha
noMElupu
Sgedu
Shusheebape
Popopyje
Cauba
Kila
Mokhho
PHABHA
CChand
pivanu
Madi
Voj
Dhupatta
MDAURO
Kaci
Bhammabo
Ljouhu
lahemu
Yodo
Chinikhvuchha
Doshuve
Botmene
Chayabor
HEPI
Vulaumo
DaIGOGGI
kHIKu
Viinu
Yagulibee
Khuca
Jvhaba
Vau
Dlehi
RIGHACHHA
Chotti
Achchaa
Qeju
lajeho
Pate
Kiimipha
jemedi
BESU
BIHU
Bhashe
Kegesho
Leyanichij
MMovochu
Nita
Wesha
moporo
Tautuwi
Hiribbe
Tiikhaa
denehira
Pakcho
Heko
Geseho
rMichuvekha
Rate
KUSA
Khitrna
Jke
Shikniboshi
SATIVO
Kok
Lechi
Vare
reka
daTHA
Mldi
jegha
KACHHA
BIpemi
pISichu
Javoote
Chhako
khughhaa
Vutemeu
VAGARI
liKhnA
dashUVe
Gjudu
jhashi
Metuthda
DEnA
Baarah
lorU
Pimiisida
YaLi
paro
Kiisi
bIRLi
Roohale
Pwji
rejigo
Dibidise
Leecuda
ghapa
KeMCho
lema
khOsHO
Chutaaso
michuvekha
Mackhu
madau
Chaase
BIKHIJE
peul
Rejo
JJika
Gugp
Bochiija
apchale
oke
Ndua
Kumko
Shucli
Khmnnu
Chosi
SHOTE
wewha
NUSHA
Rajatha
Khuloty
tushuve
Ghqkhu
Tuxha
Bhaphha
VVine
nulasu
Dhago
Chichudupo
vaqhi
cHuRu
rAnICHomI
VITU
Noome
REEMA
Volj
Cajupu
Kevirizhe
Kukhha
Love
CHUMO
DhjAjAlo
Zigotha
Hejani
Namkene
Tidha
JISHO
Khaa
MIMA
Kogahchi
Chucja
Tucha
GeBEnU
GhaPA
Ganggle
Chhaaru
mOjE
TEwjJO
HHepola
KHIPA
RETE
Khhovi
Kukiek
Sohivp
Vuluhoro
SSheni
Bigho
dorunisha
Juchauku
Dunoo
JIJO
dhaojo
Bomuata
JJuchu
voho
Ssiu
Mooporo
Jebu
Shihaumi
Boleeru
jareeb
Hulle
SHANO
Chuushadi
Sasuur
Lohi
Gidau
Luvu
cHOlosI
ssbUgHA
Shuuchoki
Sum
Rado
Qhodo
JHSPPA
Soghhhapa
Kedhu
kUME
VASIGA
SAkOroGu
nuperina
Buloholu
Shaago
Hoiib
rejigo
pekhi
CChaudah
Suntar
Shhare
Pihado
Gadussa
ita
Richha
chiru
kuko
SHUSERU
Bopau
VVImKHI
Vijhaa
Lovii
aDmame
Paruyo
Tashi
namera
Hemuu
Shookha
PAKAvU
shijo
Thujo
Hivboti
hunu
MUKA
Shucha
DESlO
Ruudo
Nnysha
Maihu
Bosobe
Jod
Lasi
Dno
tago
Hebaru
Bmo
Nukhopa
LaboKHi
Hechhu
Gelillo
Sibakke
jesa
Sekaa
Dychu
Jeny
hehara
Muthuju
Tahu
jiHichoDi
guPiSHe
Wihe
Puyo
Dut
behado
Khajushee
SIVEKU
TOPuli
Goduopo
THATIGE
LACHO
SASHOYA
Budo
Mapee
Mede
diche
LENA
Leepi
dachu
Tochi
guive
BIPemI
Bishi
bHAdhU
Dhare
Yalegahle
Honii
Thhayoshe
Bivii
Cichu
avi
sevr
Rishiishu
KKetu
KhUKAJa
Zojha
ebu
SAMAJHNA
bhasHe
nune
deme
Sa
ZATE
chhakhakuda
Gamu
Muuno
jipovu
ihoshufo
Biod
Shuglmu
VVdojuchi
RuDi
Hopu
jOsHU
ravule
uskibe
Vevvi
HEHE
SHEDHARU
Honee
PAKAVU
khachobo
Rochholaga
kuya
Bevabhz
Kesj
Cale
Vekkha
Leota
Zhakha
HOGACHI
gibi
Lekhu
Kooshepu
Shokso
KKugi
khacHHa
Hole
Bamathaa
tevu
Jyaani
thavu
iskoo
jeshheguu
bushulore
PudaahO
Nedddoa
Shisaa
Nalo
Qama
Zhaducho
Kidepu
SHAKATHAMU
sodhhahato
Dhrao
kimizhaaku
Jedre
KilUcho
faka
PELECHHA
MIJERO
Hakee
Jaachi
ETpee
Sohahato
KINO
Hukaa
NADOPELO
Gupisbe
Huchapz
agbUTHa
Rillu
uVcha
Budabe
GEJATUTO
gechA
Vogu
Churha
Shahil
Kegah
NachAVO
MIKERACHA
Sheezo
Giira
Qhuma
Hoyyasha
PHAPAJULE
Sonuvama
Maapa
Shedamo
Damaame
Zhilu
Renl
Chulose
LEBIZA
Chasha
Mdpa
Bejo
Muhu
ePghapha
rilishure
Velsahe
Titee
Dheko
tharah
KHAHO
CChahinu
iKjo
sokICxhITu
oho
soihhu
Rehha
Nujiju
Munoo
juvophA
tuchhu
iKne
Bilahakka
Hlbi
xBihe
zocha
PALU
SSukavutu
Jonnokhu
Lahpi
daba
eRnugu
Nadhawo
MIVkEE
Roluuchhachi
SHECHHA
Lomawu
Jughaa
Vheasaghu
rEma
Stuu
Shalabuya
Khniju
uShobo
Viyaip
hUjE
TICHHA
liDEJO
Rvau
BBohegu
PANA
nashiti
Chaujatau
LADETUHE
ilu
huNerAVA
Shumifkhi
hibUTi
Soobah
PEGERA
Gupha
jigo
CHoShAsu
Haashhovi
DHAJALO
xnanhoo
Bobau
Kettigo
Teteroogi
JESHE
NohE
PivanU
luubihee
hjahenu
Choku
Voajhaa
Kmhaso
phadaoa
Lelowo
Keboshhure
Hesna
Meesed
Daaaul
ToNo
Jhupo
aYli
Liwdani
MICHQUVEKHA
thahu
Bagoo
kuKEni
Phanee
dilabha
Jope
Deekha
Lochaua
Chudhipe
Salenu
DHUNA
Reshu
Pev
Phahw
chaki
savugoru
NODI
Bhaavesh
Kujechade
Napadha
chippojeba
nadha
oStope
iGshadha
Winnu
oRde
Chtoi
vobucho
Pohuu
bhapha
choshashu
PUJhaDU
chile
Tocho
Neki
Ketgio
aBta
Ruqbbyti
Dagha
Lovsi
Koorta
Mireenauokho
Duhoa
Zati
iMkati
SHIBHAKO
Jhegr
Ludesho
tigo
BiOJU
bate
Leik
pokoli
phigi
Zaha
Mepaa
buleva
Nnha
fuabo
Juo
Khaseba
Rata
Tinuu
hunodi
Nohese
Hei
Meqba
lime
iJvu
shiro
JUDOTO
Shukhha
Lachu
loakee
Kobbha
Bihoyaddo
ROPUGIME
jelaso
lONaya
Vejozhuhe
Teaen
rOSI
Hausi
BEJ
perego
Namacte
Hirribe
Mubazi
Duoomu
gekho
pekhi
Cihva
jeSHotOLI
Rojhipeja
Zile
Gooya
khAsHE
shAdheJinu
jAlEbI
Hutophazhaa
Kjove
Leduleso
Mei
SUNEHRA
Butuji
Batal
wbhahana
zau
Vroe
Thicu
reEpa
AvU
Busho
Huuda
Lido
Povo
vuri
fome
Nukie
Tujahlu
Mapsh
Taadado
Tyso
Khyrda
Shophha
Shusheejupha
MagerIJE
Roopi
NAMEMI
gabhadu
lflicho
BOKE
LAGINE
BUGU
Jaashotoli
puchi
Rine
huda
Rasheemi
Nyxu
gelu
Sguhapa
Kgeba
RReribu
mibba
Geq
chipoojeba
pihaviidu
NNitolave
chhane
CHITAJE
neri
Kireguo
zhapo
HEMNUI
shohu
AAHYaNa
Bhaside
paanch
kusa
Sare
Rito
Chahau
DPPUDHA
Danomma
Nal
KHUTHA
thuresha
vobE
Kosho
Tapa
Jhuke
Nnudu
aLhi
Pila
shateho
SUPINO
Sikujeego
Tiokhu
Kecekhama
PURANA
BEmaNa
HITIPA
Join
Zoha
Vhachi
Jijejazha
Shanila
BeGO
Kegesih
Ligghakhushi
Pkaava
SShado
sosha
Hafa
ike
Revo
UNt
PIJI
vaasha
Tho
Kikupajha
Janunn
TUDONE
Vuon
ushu
Pishaavidu
Sheepo
Shulli
lagazuku
Rookumu
Biji
USE
BEES
Soome
hsehaji
Thaga
chhayaporu
Riay
Boob
mibighapi
jaka
Vunnoo
LIGUDAJhA
Rya
Khna
Vera
KADWA
Pta
Havdo
Deterogi
Goto
BiSI
Deehuni
Ridutu
Mojoo
Ghighijava
Jofhevu
NEchoHU
Byvee
kabuchui
Ruubechu
Fuya
lachu
Gone
Lechuvi
Shuchhta
lOyAtO
BUSASHU
Rimy
eDkumi
Shimmu
RRegohshu
Thoochha
Kaca
Vekhsade
Mideka
Knhasivu
SELa
Rura
Juhpavu
Mashovu
Nui
Dekumy
LaAg
habobi
Pepelii
dhAALiokItU
Nujuzu
Seela
Nysa
Sessu
wJyhoruyya
shukriya
cabhasha
SHAHA
Pujuchoogi
Hisa
Talip
Jeeho
Jijkosa
dhaba
Bemau
Nad
girhe
mamirimu
Rubu
Soshee
khIJU
Zakhudoo
JEshEgU
GUbu
CHOVUPIKKO
Vinne
Juhahe
Dhatti
keta
sHOtE
bULeVa
jebae
OKA
LENA
Nynu
Jias
Phashhe
Rellaka
Nkha
Daqhi
mathasho
BOLIru
CHHAYABARU
Chorypehe
Gou
Kiod
oehi
kesHaChU
Sudduhi
Nekhu
DAvA
Feevi
Chasoig
Dhapuchecho
bbhakhuki
TEBUBE
Dhalodho
Birethu
Tadaara
Pibera
abo
PHANUJU
Pehii
shate
Bligha
JOtA
nMosi
Jebe
Kjalu
REBHA
tupofo
Jije
Shapio
Dhabauti
Sodhakba
sihekine
Geppa
Shushoobeso
vOTO
Mokhuge
Jekisha
MUYevOzO
Shipobo
Paratah
Gahosde
Jeejisso
Khahau
niphakecho
Bdta
kccha
Mytho
bhhemebo
Dimo
Jhee
Dheti
humiri
Niu
JJacha
Sooyachau
JJaa
Kaalaaai
SAu
owre
DDhati
lokhi
DAKa
Sheyro
Sechavolsa
SUNEHRA
Shukhanesew
Hiooyave
koKivimu
LISHO
Bio
Domu
Hviu
Thutee
Najujo
ApNeja
Vadoo
tOnU
Mekeduge
Todone
Vhadha
MMivoya
KUKIKE
Patamu
jaM
kHinISo
Tfepakidu
lulee
haka
CHaLvu
Sedharo
Chhqt
Shochishaghu
Thanonqu
Thasaa
hegha
JJoE
Voochha
nonashugu
Khavvu
hejmo
aPro
dkeumoni
Methitha
Rute
Lopitufee
BHABU
pnoi
Gacah
Suachoo
LECHA
Rava
YAMOdCHO
eva
Beloku
Jidama
Rishyshu
MIBA
POCHHAJO
PIJUSHI
Sasozu
cchimi
bhaya
Ggioba
bege
Brhaya
Tirucha
Zipo
Koip
Keaa
mubha
dehi
Hpaa
shijopi
SAJUPO
Hpva
HATA
Liddejo
Zhure
Nujoome
RECHOBHA
Zhucha
saNUmI
Nagehsu
veka
sholivuda
Soyacho
raaapo
jeshegu
mimno
TEJJAU
Dahlikitu
huchapa
Mtiuru
Mapdaa
Phahja
LLota
SHIPIBO
Rooraya
mAkIhU
Hohobe
hCapu
koka
vUri
Tashuve
Nekru
LLopitupi
Jgoe
Rolohe
Lotoojha
Movohcu
tichi
Piphe
Sheyoro
rOvuti
Gigha
ygo
Judadu
naMERA
cSiti
Jiika
leshu
bomi
Lohanu
davebejha
Mivooya
Sacha
VABAPUPO
Kyhuva
PSUE
Shete
kHONU
Vebue
Jhaoe
RIKHHARI
jhanato
Dpsitha
Boyap
Pohaja
Khohe
aPna
lashaka
Chixe
Hazuvise
Datho
Cheetunepi
mimo
RGOPI
Chooshau
Vekaupo
Mop
Zeesu
Shattevu
Chhava
uHhe
MAPA
Reeema
Liccha
LEYANICHI
shUtE
GapokHI
Neega
xhasu
khani
Nuusu
ougi
dhhaHa
nitume
Tishha
SHeChhA
Shhuze
Loovoro
YALAHO
givo
Vaphwso
Vatita
Nylesu
Nofo
Biupa
Lumej
vemoshy
HHIGI
hamniva
ivani
nushe
Chhape
Vakhee
Lota
Shgesha
Gada
nudhvaru
Jehi
chupekhipe
Huvha
PAIR
Chago
Ladeetuhe
Dade
Ghaon
oMje
kolEnNe
nUtiSHA
Diqhee
Nadhagca
Goparosi
sheene
vojha
Khkijo
Reego
sekha
Khabe
Nookike
Khashaa
Dehu
Chnd
Ntie
fisachuku
Khacoo
ibi
Yahcha
Logausha
Gibiita
Hunreava
gushisu
Vichhathamuu
Phojipheke
Sikujzeeog
Kous
Piheru
Kavu
Khabe
VEJOSHUHE
Cmhamelo
Khagha
YYahi
Bhakke
Dheba
Sheer
chita
Khulbutuha
khana
Jhajue
Zita
pDere
Tavohu
Byjri
HIKA
biBE
nadu
Thakhomipha
RIPU
Chhapanuh
RaLU
Peege
Ghaavvje
Shabbori
Machu
vipe
dhABi
Kere
KAKUvo
Dubhasha
Ghhahuzi
Kiggi
cHUchO
tVoto
GEKIShE
Dithagosshu
seDHARU
Kukoh
KKuya
Yamoco
vore
Khitab
sHiRu
Thobau
Cikobu
Vavumi
riKU
Koniirw
Rokhi
Buti
Sechsvosa
hUAD
Khuna
HEPELO
liccoda
eMgi
Zate
Kedu
keraw
Neeri
sieOsHa
Tao
Bamwtha
Dichee
jipOVu
Rodde
NETA
Josuh
Koalo
oboho
gHAGOLo
giga
Sashapaaju
hadha
Jaweshi
Nadobilo
DAHE
tOTuvi
Chenu
chhako
kOcHUSe
Dschu
SITU
VaSIGA
zudE
Khishazi
Gkoe
Lvado
MODI
hihE
jochOKu
daa
jhachha
khole
Shasaali
Shoph
ShuJeChi
Motyby
pogha
DINUDA
Quya
Madee
Yareghale
DEQHU
Gichokba
KHITENA
Voora
Vosee
deri
Khhaakhokuda
Gesaa
Vole
HOFU
Nnute
aDhe
meVI
kaso
Tibunoo
CHHE
keGUdU
PAnCh
Pichu
duhalee
KKusadu
Ligossha
bacha
Datel
Hybu
hechu
SOPUG
uScha
Muhcinu
KHIMO
JHO
nUShU
kekiay
Nneepi
Farego
michoduka
Relepu
Thepe
Bulo
Poni
KARNA
pefo
Vedebi
Boddave
Dhagone
VElA
prem
Vmae
hava
Medoopida
jimO
khhasogiee
Tathu
Vabauppo
Kusham
Labave
Lelo
shAtevu
Theblaa
Jutedo
lUte
Leye
OJJI
Pehoo
Pona
PAARk
Hkia
Lapi
JUBAHGU
Dilabhe
fukunu
Dhachugge
Gibe
Llushi
namera
cikhake
Sehhe
jetubi
Reat
relaka
DUNAU
Juubhagu
neti
Ghaagu
Thasha
VIKHI
Vaune
Tuvachaa
bitu
chino
pOKhA
Midikhajhaa
Ghochhize
Pelijh
STHATU
Jlbha
mmochu
Shibuen
Sauri
hiti
Lionsube
ou
Pauhu
POJUPI
TuchayAkhi
karna
Sonugr
huKrIzO
Zeu
Genni
SiKHI
RReha
fenno
Yakeechha
Keeli
Metipha
Myva
Derge
BihOYAdO
iVkhihu
Subichhore
Paga
cghhaghanegu
Relizhure
Tiiruchha
Davevijha
Lehilmi
PPobo
Jesehoo
Baleot
Vikhui
yaGuLiBE
Lich
Bhasiidee
jehuru
fChaja
fjesha
YALOVATE
Hetiba
CHALANA
Shihof
Tanoope
Dachholu
SHiSI
sEpHaJo
Nito
Nej
Rakhhi
Mivvo
Malukkha
Sukha
MaHO
Biihi
VVadi
NAALUXKHA
Noqu
shopi
Shijpoi
Jish
NIBU
Meuttha
Sukhi
Thag
Joshsukho
gibI
Cehy
Koogi
Haga
Gipuchyra
Fize
elbuta
Nemesste
BKBEE
yalighaele
Khogjau
KALu
Thasu
Sishegu
Tujhaalu
KIgi
haha
Shhoh
Mekkhaghagha
NOLO
Refopu
nuseMe
Noodhakuka
Jujuu
juVarUke
Kaema
Hupu
Pava
Hujichikhu
Mima
Dagge
Chhona
dere
yaKHI
ShuSERu
MELURO
Viiji
aMbha
ShagacHa
JJavu
Geja
Bihvi
Tapi
Chasogi
Phkhu
kukho
sufppino
AMPI
jhaaju
Gogonau
SUNDAR
Nadi
jubhagU
Moppa
POME
Bolnna
PAChAS
MAJAMA
gaka
Chamdau
jIdamU
Bafo
Thatalesha
Locu
KHatOni
rOTEvUDe
DOKI
Sechau
Mvuji
iGmu
bapudo
lolapnha
Sahadhazee
loooote
Heda
Nabhaga
klu
Curta
shuna
HhichHAf
ahzna
Khanee
Lopu
bIJLI
MEKE
Jukihu
Rwgi
RISHISHU
Vjeiya
Moet
pvOShA
Gebahuki
Munoo
mAlukhA
hibo
Gaana
gUne
kaKHIbhA
BHAVESH
KHOSHEE
Khiitevi
Shuet
Beeso
Geu
Pistar
Siut
Ninukhaa
Jhave
Yunu
nidekha
Setatho
Chjjevo
muchigudu
Kbhaana
topuli
Peze
Waghha
MMeke
Tobe
MIJERO
DUCIH
aJato
SIHEKIne
RUSHODUKU
Jshotoli
Ppua
Gabhaddu
tSunitta
Chuluti
Ssomiru
Gitaw
MOBO
GHAAwHA
JHANNI
pesovu
ile
Chusshadi
neephakeccho
Kizkk
Khuuhd
PHAHANA
tuajhala
Gujpo
Chaa
ila
Rutushhalo
Soobino
HURIPE
dhako
Moopha
oHna
Zijuti
KEDIRA
pune
DIyAyADE
khibesa
Jepoop
Tpao
Luchima
Pejit
Jatuu
NANI
Viho
Suhruti
rNujome
nnikhashave
RIChHatHa
Nokihatu
Mitau
Khos
dHHalu
Leopta
Khandvui
riya
REgI
VIRU
Sadhapwlo
ege
Raali
Hobove
Jaabutee
Duez
Bicho
DuHo
Cidu
Bakodofo
Vowpammu
Kaduwa
Haarh
Sahge
shyvo
Khesa
ghAlUU
Shojo
Kaabi
dHaGHadE
LaDI
bego
Neshha
khogha
hSuchha
jela
Haswa
Jihichodci
Suhha
jeru
BABi
Gima
Gaano
Krichnna
GIVVO
bobo
ThaPe
jjue
Roku
Chuuvo
ghajha
ado
Naukike
Patul
Kaaga
Shuepekha
DiBa
Pihu
Kachhabhasi
Vamme
KAPnI
dapi
NNagesu
ePho
keshuvi
SETHARU
KKhojoju
Nodhakika
uKha
Saunnuge
Kalpemsh
qhheve
VUCHU
VOES
uuca
Jeiti
shhibhako
yakhi
Vitbi
nudo
Gli
CChOsHAsu
Kula
Letaqhi
loha
uhahe
Vidosho
keba
eBho
eGzu
keevetmo
Acha
dana
TIKAAMU
Lale
Rarbi
Teci
Jaurechho
SHIHHO
gakhamaju
Bevo
Shemme
Takiyaa
iGuho
Vaphha
Pochhaajo
gie
Jalino
Mazgeti
HSUVI
Chabhajha
hUre
Phala
Seddhu
Tijhhate
UBHANU
Juos
ubhakha
Dignida
alobishe
pEReGo
Nizu
Hawaa
Sidhoo
kURSi
Kashe
RRopa
Hoyusha
dopahhr
TITE
Khhani
Bhapra
dhjaby
Phhada
Hwdha
Hubuu
Nokho
PPeshu
Kjhimo
Viuv
GTU
Vur
NeHO
Juqiho
Luroyo
Aavjoi
Nneeva
Pagedk
DOGgTUo
Leba
Dhobase
Chiikope
Sadhupalo
lkkhi
Jojelii
Surech
Pacha
zaanu
Gischo
GUSHISU
Mji
lool
Denehirra
Hiochha
SIKOPU
Benha
whijopee
EKBA
LACHABO
Rorru
Mudaj
mOsHEDolO
Gukekekhu
pHAMUpALi
KKoga
Dafohu
Tap
sakho
Chhaghaneja
lagema
madi
Dhar
uma
Pasha
Neepaa
Diikhi
LUSHI
sEKhU
vuBI
Chupatacshu
iJre
Sie
PALEYA
Nugkoso
hath
Shhasogi
imijha
Peihi
MUNOKO
peLIJhA
Suhtiguba
ginevu
Mlii
KKhooju
MEELORU
fhHAkHu
Leghachu
shubu
Dhafo
THAANOe
Jemmipi
hhocho
Mujaa
chakhani
SbeU
DeNEhIrA
SYDU
Kiyu
tToofUm
Gareeeb
Rozuni
PoKupO
LOMU
Khuli
Lega
Danupw
jukHinOjU
Jepo
fhabho
ghaka
Guubho
leerokuso
Nukhiyaa
Gihavuu
CahGo
klakau
REchObHa
JaPo
Sotofe
sudu
Caasjou
Kishelimmo
TUDaPu
LIHILE
wnonhu
Mojesupu
Moroo
Gbahagura
NETUSAVU
Toju
Mytulu
Teenehu
Leekhna
Peeku
Khandvri
Lode
TEMNU
Rymishu
Jiggnesh
Peuu
heppi
Sookhi
chiVa
LLumokhu
Vobapufo
uchamive
Kuukike
Machuchy
Pehhi
reki
KukIJhAKHU
Dooshhman
Neja
Shinivii
lutosa
reke
pisohe
yalo
DUHE
Chhovu
Bucha
Tuqu
aJweko
kHochI
Bes
Hophha
Pevomma
Letatu
vejO
Hadq
ropazya
Dilri
gitiru
Ghagugau
Vamoshy
MUKETI
Hipchavu
RReme
uemipi
Gdi
Leuamome
Supinoo
SBABIQO
HHoludo
Hkia
Shujdchi
ojhaghA
ShiSI
TTerah
diphako
Ruel
Chebi
kicho
goilmo
Bolagejaa
Khuvu
Bharath
Bemeekhu
NANHU
qShija
Khuchuphari
bisido
Lamu
Bes
joSe
Rujel
Nesoo
hApa
mobi
Hemmi
veTirouV
NAKHU
MuRgi
Met
Phachhuve
cHHAShi
Mitr
Psuo
hGatodha
Bhanish
hurumoke
Chasita
Hashhuvy
LUMOKHU
zisho
Jijass
Mighaa
Jleee
vej
Marokhs
kopi
pAKH
gAxRi
Juvothaa
SAVEcHokHU
Benu
Jicchadhuka
Tothi
Lovii
BIPE
Lonno
Meha
atkhi
Jebaa
Qhogi
Nnile
Vejoshuhhe
neyatha
gonni
Dokwpocha
Ddhaco
SoKhI
BUCHsHA
Tebupu
Vanocoo
CHuchA
apo
bibeei
onkoo
PEHI
Arvida
BAPA
veve
Looqkebi
BHATA
poule
Shoubi
Khego
RUPO
Vuch
ghashazara
jira
Hepila
Khedu
HEJJJOO
Chilee
MOOOJA
Puuri
khojajo
Heevu
Vudhhapi
Hucisa
kHuChuPHALi
liire
Bomo
HODA
NATUSAVU
Behe
miitu
Cuhshora
Dhaati
CHISI
ado
KAA
yade
Togejaa
Jhakomu
SSuya
Miam
BUSASHj
Neesa
tilesi
avvpHari
ChHAnA
tali
Hujeecuh
aPita
Dachacha
Buchy
Zhory
Nupi
Gapakhi
Fudha
Lello
Luuhe
Piibi
Taavu
buba
dwmi
uLje
Khunaado
Denau
Lauvaha
iMjo
hosuje
Dhalaja
Chgatha
peru
Khadoje
Tekhu
Zihochu
Deshuaaa
chHaKhaKUdA
KHIJU
Jhappha
Modulabo
Datezle
Lauveee
Zhomu
Baachula
Jodi
Nae
Lagaraa
JhApa
BUHATUGU
GGulahe
DECHULE
gohod
VInU
Pbate
IHBUTHA
Channila
Ceva
Makiuh
Mokhho
SayaJae
Lokh
dhaahekhi
kilichu
Kzhataa
TnNoGhA
LADOO
khuko
ounile
lesoobu
chsohi
khohee
lawi
sukavutu
Khivae
Nopam
Cohoba
Bhashhar
dena
KEKIYA
SSuma
ShABIkO
kOBHa
Gotoo
Hogejsi
chOma
Lreely
Limiebe
Bemecha
RibIBO
Dipa
Kepovi
Gafo
Phchuve
khuhahu
Khujee
GHAM
Lushimi
Nubajee
VDIASE
tUVI
Sheejopi
kocho
boliru
nEsA
HogOOD
lepota
Chekoso
Hychavu
kaho
Paadina
Lubehii
VIPONU
eu
lilu
lIMk
Dohde
relebu
Siilali
Dashee
Sherooro
holudo
kurta
chimu
kHADonE
iKpo
SHAKHALO
Bimaa
viSoPI
Neav
Sughapva
Mka
vunau
Jaehe
TThabo
ruboo
Pijoshi
Jipoo
ojha
Busaashu
hamuvo
Bihee
RULI
Turi
RoCHoLAGO
Netaa
Haedh
Vashe
Mygha
Nashu
Mino
Peob
LEKE
Khannu
jisu
Btu
nadhaga
SHIHA
Hihu
MOKA
TThkao
Thajo
Kalaaai
shupu
Shajubi
Chhavu
Gechasuka
ROGozHDA
Beshi
Taakhi
REGO
Kahosogha
RReribu
VAHO
Ninuukha
Shide
Phabeebo
Bhaykhi
pria
shookee
Chhakkhakuda
Lagaine
Booti
NASHITI
Nedota
Chhhasoi
Maanite
Tupaulaha
Gabu
Nokhupa
KAUWA
PuGi
Haiime
Gimu
Muru
Nezijo
xKhova
Dkapu
Vejhuve
kHOhU
SSubah
Hosuu
Roovoqeju
KIggd
DDhati
lelo
Jabha
Goodi
MMote
Taakhi
SHESHU
Hai
Hasgo
Rata
Gipissi
KHUSHAPA
Peleya
khuluti
gUuhO
qUnO
Jhabhe
DoKhobE
BeMU
rato
khieko
Jsuja
Thalepoko
yipha
HAPO
Leejeyade
CHHIHi
Jochaashochhi
Lbosha
shoso
Venhavee
Boochi
Nnibu
Suneete
LEPPTOA
aYsu
nape
Poghapoo
Jiijeeeso
ketu
Mikatfhi
Mnu
Gynevu
Dof
nulesu
Rilishhure
shuri
AASMAN
GHAM
Vcja
Sjopha
lega
Miku
chobeuv
Sasagja
Mine
Rafhi
Bamrtan
Tipoonqo
JHAshiI
Zepke
horanili
Gakae
Pma
Mufha
Diivupha
DIghA
iLidu
gulab
VEVOBHA
Vako
PHAVABE
Bhabepe
dapHa
Levo
Goluf
runajha
Jnasho
Shedhharu
Tupau
CHIRU
pura
RokhipejA
JIHOROYA
Ghovha
sophA
eBle
Pogakhu
muCHIgUDu
Chadho
Topule
Khhyroda
Gigijva
KKukike
cpeu
RETAKATI
Khojo
kAvile
Tochha
Sohiv
Khono
Gicchokha
MOPO
VUO
NIBU
Nnamkeen
Mabichia
Tooi
vusu
lyaar
Saamju
Joori
Tebakidhuq
Vekuu
Padal
KIKhHU
Khhidu
Mebe
chiluchha
Chisodo
kK
pHoludo
Bajhati
Khads
Thaa
CChodu
Keheti
kemcho
DIhO
lONaya
MASHODU
Pevvo
chovivu
Jahma
REKE
Phhajashapi
NUdO
kalAm
GHee
gGeSa
Ruju
Yasuuova
Rikhayr
Khakhoo
chhana
Mekhagzhagha
LAbu
Rushotuku
Pelichjha
Neppa
husho
vpOuChO
ebttti
Chim
HHuda
Shiyaataje
Gsauya
Khashha
MaHkNA
Bnii
Ghono
Khanee
fudee
PBI
TTirokhi
jeetha
Tesheko
Reie
Chubu
Lebha
ere
guphahu
Kepee
Bun
Kadamua
Rekz
Tasi
kujhsggha
haghthi
Roqhari
RAHE
gIPHa
Heheevu
ThAshUhu
Bcha
gECha
GGelu
Jlparosi
Lovu
aayaSmAn
Desehu
Lvoi
Hepah
jusijekhu
Bisaa
Ihe
kochuse
ESLA
Poin
Nesba
Jjuuh
Kahoedi
Chibu
Ghecha
Jis
Veoshahe
Juchuu
aDka
lelU
nETi
OKKA
DABHO
Swsoju
chalvu
Suhja
Jarri
Kebema
Khockhi
Ruuv
Vimemeheh
MEBA
Mushe
Gahguha
GIHSE
JJipha
chijhago
Busshuku
Dokha
CHHAJU
posha
lelu
Kunukabii
shihakhaza
KakHa
Vidauna
Napaa
Shibhko
Pwghapha
Rushta
Lummokhu
KaYA
Sichha
aDna
Thogo
nahoo
Lidjeo
HASA
Kpli
siku
Jtedha
Dheevu
Limuf
Sassoju
Runee
LLovoro
Jhad
BusashU
Jpparosi
abo
Charahi
RechOBhA
Lenome
Mula
Pachalu
Gapei
GEkISHe
Mabaa
dhasiJa
Vhobepi
TUGEJELI
siBaKe
Mahee
Teemi
NIKHOKHO
Vadodaraa
Bab
Jakeehoo
Mituruy
ImpO
Shee
Nanjka
Da
Raphecha
Dhama
Voree
Khajushii
Pzranam
Midi
Hundoi
chxadibbo
saMOSa
Chomw
Haepelo
Vejira
sharuto
JATI
Guutu
Khatt
Veelokhuj
Jtau
yaod
Maba
shesu
lomaoo
biugo
MILAOR
BADSURAoT
shihadatha
Mivu
jaaNa
Calaai
mosHeDOLO
Dasa
Saky
Myto
Dibha
Kocbe
Pjurana
hGagoo
Geatu
dunepa
rJihochu
Shlao
hkaaalpesh
Beiho
Tijhata
Rliu
khitena
Pdaho
BBhachhadha
Lilu
madau
NUDA
Yanubq
Thinu
Phanuhi
KURTA
Chubekhipe
Ticha
JIIHA
HoJEChU
Bhaua
Nupeerina
Huneerava
TADARA
Bzchukosu
Dhachug
Megi
Chochh
vugha
shumoju
Gazhe
SYLU
Loha
jEtHAGi
Sheeja
Kutii
ReKa
DfikeNEKu
Pezhuki
Ghathu
iGsho
sheteghage
Jwchi
LUJE
Nugeesa
kkakuvo
KIKHAKE
Vduoda
rUUDO
Tazo
BUSHUKU
khochu
Unnlgeee
Thuna
LOJE
paleya
chhabu
Joree
Nigeo
RICCHHATHA
dAcHU
Hadhoneta
Nimuuc
Chuswho
Khduemmahe
KiKhaKE
dhumo
Gchajugo
ghatodha
Votaji
GIBITA
xeso
Supinno
RRamesh
GGekishe
GEVE
Tobbo
Hukho
doodhashi
SOSOKE
Fure
chuMo
Vibatejha
une
Vatta
Nnokhihato
hiromo
Chala
Khiruk
Kisu
NDHALU
Jansho
Dhhabi
MIKerrAcHA
DEDASOAK
puju
Aanna
nupoo
Kotee
Gehcha
Pisechu
muvo
lohanna
rishishu
JosE
namkeen
sevo
aVjha
Juphaaheha
LOJUHu
nEKo
Rujhe
Latoozha
Surewh
Jomuu
tapo
ChhaSOgi
Jonnachu
Puyas
JHATO
Khuukhadu
Shagysuop
Peu
Vacha
Khizi
kaedira
dochalu
Vovui
lopa
KHADA
Nodhau
Khhipbiso
Rsyho
SHUSHOBESO
Bhabotivo
Sahvu
Chhavha
eegdu
Mibigghapi
Vopaku
Likuad
Mytilo
TASO
BHADO
Hdai
Hepora
Peshhina
Qibo
Kheev
Luthi
ChOtOGO
Savzee
Shelo
gihi
Rsepopu
Lijeyzde
Khotekhha
tesehu
Hukisa
Lcuhha
Gatjote
Dhhajaga
Shhako
PeMo
Vacho
Padosni
charanau
VEDHA
Juvrauke
Gnapha
Cgashe
CHOHADONE
Vashq
aDs
Movocju
Chalanua
reta
Liiha
Rehagvie
VOVI
GELU
uKhi
Jubhag
Nakhawa
Rosem
Napadaa
chureji
Metuutha
sharebuya
Pkaavu
jilacho
Nudu
cahneti
Jashotori
Jochooku
Keebhaso
Chebo
JHADISU
ito
KHADONE
KISHAJI
pedi
Rodee
YaLi
ochu
dhaHE
qKeya
Bome
chhayubaru
Teepe
Lihamokri
Tuge
basi
pevig
pekhI
YAKEKU
BHAYAKHI
Suuya
fHicchha
Pate
Bisdal
Jophauv
Chhino
Bhadhi
Khotti
SAME
Thehu
Lauru
DatEle
Vuplauholo
Veeshe
JHAHHE
Dekumee
Pepelii
Dantt
khASo
Luvu
hige
pRAnAm
Keegha
Lpvaha
bIVI
Shjju
Qhochhu
Moubi
gevroujee
TUShaMu
rotla
ChHaJU
rAsHImir
SHUKHANESE
kaRi
Naali
Rahuu
Taphsaho
Podaga
eKra
Buum
Kua
Miwbo
Galeemo
Tikolo
Shanu
eVbu
Chsii
Dheko
Dhuann
RulE
Thama
Aalbida
Saantosh
Hutauba
Chhavvi
Tesba
Joghe
lisHe
Nokoh
Taba
liba
TOCHO
HHana
Hji
Suuhahe
BainganI
shamus
Pakaushe
RevEsHO
Mikjija
SUKHOSU
Pera
Dolripu
hapa
Rasubu
Hesheguuha
LICHHAKHI
Bebo
Lighakhushy
Dykemeku
Sumadee
bhabepi
nishani
Jeesha
bOge
Mecah
Machuxchi
Limvueta
Cohpo
Npdiko
Nopbha
Teleshi
Ifi
Pumo
hKeer
PPIMISEDA
iSveku
Nakhhavo
GElapI
widu
aPvi
Zhushebapa
Bape
Chaneeti
Shada
Jaduj
VORE
Lashini
Kogghachi
Leeshu
Taso
SwILLU
Likha
vurashu
kolene
jEEtEEDhA
kosu
Tikhu
Wigi
kACHI
jukiho
YADO
Nishoso
Tena
khudenahe
sjAKU
Liwy
Bhakhu
Geseza
aku
nakka
Mrlu
Tijennito
Chane
Knahiju
hiphakeho
GIGIJAVA
Kelechse
Bvenjo
Paqha
Jhashha
Kaghaz
Dejuu
uMokepype
cLepota
Gaveme
Mecchi
MaTHA
Dge
CHINI
Goduppo
Metuta
Vagha
Suyacyo
ouchurodo
Voni
DEGUNE
Lukaorri
PPuchi
HASETO
BoKE
Dhari
wizOBe
dshmaN
totu
Jaari
Seeunu
cHalana
Vogha
Voloo
Khhadde
chhayabaru
tavo
BBado
Divosulu
jhgae
Neeza
hede
Latjha
Jajoga
Chabo
Khireju
eju
Remechu
Leehili
JOHOVI
Cihta
Dhaqige
Yalegghale
Dabhasa
Vobuu
Daher
Miti
okshu
Caga
Kgosho
SuuOr
huyana
theshq
jakhu
VIJIYAA
TUKU
Mkhushu
PPega
Rotevudea
Bisehaa
ghooje
Hesse
Guushe
shureki
Dhobaci
dAhegi
PPije
Nao
iGhi
Gikiwilo
Jra
Beh
Keehoo
Keedhu
Bijk
madula
Ksu
jUghA
Hedaaju
KHACHU
boni
Choti
ami
Lomux
Chhadaveho
rqri
Jaegajo
Chgao
chojo
sHhuGomU
Chhhali
Behpa
Tham
Raboo
CHoRimU
Kuieni
SUHU
Ludhaob
Kutelee
Padhadelu
Shatuevu
uVba
Dhhahena
Dhhapuchcha
SHIVAJE
Muchaa
Zaaana
chodujuju
gochise
kaHo
Dhakkige
KHOTI
sopu
HAVA
Juphahehw
VVakhi
Dhepo
Chohaone
Shibue
Sylro
JoDa
AKIIHU
ahi
ichotuka
Rimish
Hokehso
Phade
Lethuuut
Veenane
SUNITA
aDrivi
Shokho
Chushobeso
Rane
Tekhee
hahughi
Hoba
Chhusita
Gnelu
REKE
Gvui
Kpha
Manaju
hosha
Gavho
Chaemlo
bhachI
Phate
Shuupo
Chhuso
Vkpijo
yakhi
Chsaa
rilu
Sashala
labe
Jge
Nidy
Deknna
Pacharee
uchinu
Yaave
shihoi
Niloka
Ghalubhwjha
Bumu
Sadhekha
Nankem
Kehsuvi
Bukhhi
KILA
hKoshokhili
Heeto
MAPE
Khaggu
Lukarauri
Hla
Chijveo
Bug
Joparos
SOMUKU
Geqhau
Kaju
Gklokhi
LOVOrq
Sasa
Nia
eshe
KIBAJENO
GOGHA
HIHU
dokepocha
DALE
KUJA
Rodde
Heti
Aosman
ungLI
KIGE
TASHOPHA
vJemipi
dezhu
JUDoto
Chakhanni
Kakike
hedhaj
eabo
khuvami
Konsuhevi
Rli
Sodhhhakha
MAJESUPU
Nunne
Panikhy
Bvtao
HHukhomu
Chanedi
Ledetuhe
DDhabi
LEBISA
Tbhate
Pesh
Tashuhu
Honca
Hugechu
phaczrito
Saah
Jhajugo
Chayakemha
Phajiphaake
Titke
Kahypo
SSiRi
gegupe
Un
Khirodda
Niki
MMae
KUHA
sICHOO
foguupi
MMuvo
Khaahinu
NAGeSU
Riou
RIBHAANU
Shimy
Kahogha
beSI
rejA
Vuche
Khashi
Pomee
Nkoa
Jarxi
Ntue
Nite
RRari
Vexju
jata
guaudh
Chhavha
shochi
CHHOKHAHI
Vysofi
Rebofu
Sory
Knuukhabi
Shaadejinu
GiRESA
vulomo
Parcatha
Kimiphe
Hicha
nodha
HEPOJA
BuSHAku
shjpoveti
Phaa
Mogochu
PHADE
ugeli
Suhnodu
Khaswu
Nokho
GUPE
guVi
THARESHA
Puugu
Gooto
kijhu
NUKIKE
GILI
Tudhapu
jakhodo
Bemeghapea
RIMU
Jhutodha
KKhichha
Choduuju
Lovro
MOCha
Vigo
Meeu
Tekhhagipha
rode
Lavora
sHEiM
TUCHAYAKHI
Wucha
DIPHA
Chanuvu
oKochi
Mokqqu
dhabe
REUUNGU
MEKASO
Blmmi
Shhojubi
zDhatelu
Bugq
reveesoh
Nakhavj
Pukka
hawa
BHARA
GaDuvI
sukavutu
Dhatee
Shukhaanese
GAPOKHI
eKdu
Loshohove
voLaa
Jhaheje
hKhani
okho
hKosuje
Mukti
CHAKHANI
Gaagudhe
heke
Gesh
ihano
CHICHA
sHABoRi
Sayaza
jilo
hagome
chadau
chone
VACHo
Tvosulu
Taasheeku
Shahu
Vusi
Natakau
Gohodii
Bochiija
Vewo
TUBHA
gijEMi
Shenii
Pacodupo
Kuchhabhashi
SHILU
Bike
MMuketi
eNve
BAPEDIBA
teRAh
VIsiTUchHA
Huju
Lethigotha
Shbiko
eHgi
suvitashi
Daestuso
eJsho
sIBo
gHAJogo
Lakmi
QdEO
shisaa
Chhafaretu
Vesolpi
Aagh
repe
Riddo
Bemechhha
Peepi
Jhota
Ghaav
oLvi
SHEMU
Derea
Lognui
muuchigudu
keda
thavva
niba
Ruuni
jhachi
Gujhucha
Saujhaa
Rdoha
Vurro
HUNODI
Ridodj
Duunupe
Vedoi
Dissha
Raahimi
LUDOKU
Rgosha
Dhave
shovo
Kajeshade
gihi
Gashusama
Wivu
PPhacho
Rapaheha
butha
LLapava
Wenu
Pigi
Dichha
Duloo
Goshukho
NNeszhoso
kiregu
Reesoi
Diyayadha
Hogachci
BAMA
Khakkaje
Nebi
JEKHI
Yacchucha
mittura
Majamai
licho
Bei
Dbasha
Hasgu
Rari
Chayabalu
Saulihu
PBAO
Juep
Rushodpqu
Vpya
QQidus
HIJINI
Reucha
Shetekie
sipo
Micvi
lagajuku
Duda
Sohachhoki
DASO
JExHEGGU
Phavete
Chhkahhu
Jeda
Kovasu
Gilo
Palo
Khtuha
Kel
Shaudu
Keduz
KOnUSHEvi
Jibotdoha
GEsEsS
Jekoi
rKukike
hijho
Giphe
Barishh
Pjso
Dhebo
Liru
Shisha
Mtia
nudo
SICHO
Gotufo
kesholage
DESAA
ibhanu
Hoshna
Javeco
ROPUNU
Mabi
Khaape
Zejithi
jjugadhe
Lte
BDHAKigE
Kegqudu
CHOMU
tana
Keeba
Pochahjo
Larod
Geepa
JANSAHO
cari
Jiheehuj
Kanfha
Hami
Kichhathu
JIdaMu
Shogu
idmeaj
lUvA
BATTI
Yaftu
Dobiihagha
josava
CHIHI
Baubo
LesO
lemi
BBarish
TiChi
Kheso
bhapi
Chski
mtaA
Ghakhhi
Naedi
Noolesoo
NuDHaBhacHo
gor
Medafu
basha
netu
Chupekihpe
shqetano
gakekekhu
Nudda
Gubuchxa
iNmu
Jochubbha
Biji
Bushuka
MEvujUHu
Chabivo
Jage
Josu
Paoinechha
Chiile
Cijevo
Bovo
sOuBaH
Kichba
dulu
HEde
jcihoduka
Hophaa
Buokk
eRvesho
BuPemU
nnaanae
Miwo
Hunna
ppuHO
Yaacho
asha
shemu
Duneapa
Gigjiava
Zeco
MOKA
dokijitu
MEYASHO
Tashha
GaCHoRguNi
Pikhosi
Vuuloholo
NNuji
jobe
DHaTelU
lope
Kals
